MPLINK 4.40, Linker
Linker Map File - Created Wed Jan 25 02:21:00 2012

                                 Section Info
                  Section       Type    Address   Location Size(Bytes)
                ---------  ---------  ---------  ---------  ---------
                   .org_0       code   0x000000    program   0x000000
                   .org_1       code   0x000000    program   0x000002
                   .org_2       code   0x000004    program   0x00011c



                              Program Memory Usage 
                               Start         End      
                           ---------   ---------      
                            0x000000    0x000000      
                            0x000004    0x000091      
            143 out of 8454 program addresses used, program memory utilization is 1%



                              Symbols - Sorted by Name
                     Name    Address   Location    Storage File                     
                ---------  ---------  ---------  --------- ---------                
                     ALTI   0x00001c    program     static C:\Users\hp\Desktop\but\RBCHANGE\RBCHANGE.asm
                      ANA   0x000048    program     static C:\Users\hp\Desktop\but\RBCHANGE\RBCHANGE.asm
                      BES   0x000011    program     static C:\Users\hp\Desktop\but\RBCHANGE\RBCHANGE.asm
                      DON   0x000041    program     static C:\Users\hp\Desktop\but\RBCHANGE\RBCHANGE.asm
                     DON1   0x000043    program     static C:\Users\hp\Desktop\but\RBCHANGE\RBCHANGE.asm
                    DONGU   0x000069    program     static C:\Users\hp\Desktop\but\RBCHANGE\RBCHANGE.asm
                     DORT   0x000006    program     static C:\Users\hp\Desktop\but\RBCHANGE\RBCHANGE.asm
                    GECIK   0x00003f    program     static C:\Users\hp\Desktop\but\RBCHANGE\RBCHANGE.asm
                    KESME   0x000004    program     static C:\Users\hp\Desktop\but\RBCHANGE\RBCHANGE.asm
                      SON   0x000032    program     static C:\Users\hp\Desktop\but\RBCHANGE\RBCHANGE.asm
                    TABLO   0x000034    program     static C:\Users\hp\Desktop\but\RBCHANGE\RBCHANGE.asm
                     YEDI   0x000027    program     static C:\Users\hp\Desktop\but\RBCHANGE\RBCHANGE.asm



                              Symbols - Sorted by Address
                     Name    Address   Location    Storage File                     
                ---------  ---------  ---------  --------- ---------                
                    KESME   0x000004    program     static C:\Users\hp\Desktop\but\RBCHANGE\RBCHANGE.asm
                     DORT   0x000006    program     static C:\Users\hp\Desktop\but\RBCHANGE\RBCHANGE.asm
                      BES   0x000011    program     static C:\Users\hp\Desktop\but\RBCHANGE\RBCHANGE.asm
                     ALTI   0x00001c    program     static C:\Users\hp\Desktop\but\RBCHANGE\RBCHANGE.asm
                     YEDI   0x000027    program     static C:\Users\hp\Desktop\but\RBCHANGE\RBCHANGE.asm
                      SON   0x000032    program     static C:\Users\hp\Desktop\but\RBCHANGE\RBCHANGE.asm
                    TABLO   0x000034    program     static C:\Users\hp\Desktop\but\RBCHANGE\RBCHANGE.asm
                    GECIK   0x00003f    program     static C:\Users\hp\Desktop\but\RBCHANGE\RBCHANGE.asm
                      DON   0x000041    program     static C:\Users\hp\Desktop\but\RBCHANGE\RBCHANGE.asm
                     DON1   0x000043    program     static C:\Users\hp\Desktop\but\RBCHANGE\RBCHANGE.asm
                      ANA   0x000048    program     static C:\Users\hp\Desktop\but\RBCHANGE\RBCHANGE.asm
                    DONGU   0x000069    program     static C:\Users\hp\Desktop\but\RBCHANGE\RBCHANGE.asm


