MPLINK 4.37, Linker
Linker Map File - Created Tue Nov 22 07:54:14 2011

                                 Section Info
                  Section       Type    Address   Location Size(Bytes)
                ---------  ---------  ---------  ---------  ---------
                   .org_0       code   0x000000    program   0x000000
                   .org_1       code   0x000000    program   0x000002
                   .org_2       code   0x000004    program   0x0000ac



                              Program Memory Usage 
                               Start         End      
                           ---------   ---------      
                            0x000000    0x000000      
                            0x000004    0x000059      
            87 out of 8453 program addresses used, program memory utilization is 1%



                              Symbols - Sorted by Name
                     Name    Address   Location    Storage File                     
                ---------  ---------  ---------  --------- ---------                
                 DISPLAY1   0x000011    program     static C:\Users\GENCO\Desktop\lab için ödev5\burhanödev5\odev51\odev51.asm
                 DISPLAY2   0x000018    program     static C:\Users\GENCO\Desktop\lab için ödev5\burhanödev5\odev51\odev51.asm
                 DISPLAY3   0x00001f    program     static C:\Users\GENCO\Desktop\lab için ödev5\burhanödev5\odev51\odev51.asm
              KESME_BITIR   0x000025    program     static C:\Users\GENCO\Desktop\lab için ödev5\burhanödev5\odev51\odev51.asm
               anaprogram   0x000033    program     static C:\Users\GENCO\Desktop\lab için ödev5\burhanödev5\odev51\odev51.asm
                    dongu   0x000045    program     static C:\Users\GENCO\Desktop\lab için ödev5\burhanödev5\odev51\odev51.asm
                    kesme   0x000004    program     static C:\Users\GENCO\Desktop\lab için ödev5\burhanödev5\odev51\odev51.asm
                    table   0x000028    program     static C:\Users\GENCO\Desktop\lab için ödev5\burhanödev5\odev51\odev51.asm



                              Symbols - Sorted by Address
                     Name    Address   Location    Storage File                     
                ---------  ---------  ---------  --------- ---------                
                    kesme   0x000004    program     static C:\Users\GENCO\Desktop\lab için ödev5\burhanödev5\odev51\odev51.asm
                 DISPLAY1   0x000011    program     static C:\Users\GENCO\Desktop\lab için ödev5\burhanödev5\odev51\odev51.asm
                 DISPLAY2   0x000018    program     static C:\Users\GENCO\Desktop\lab için ödev5\burhanödev5\odev51\odev51.asm
                 DISPLAY3   0x00001f    program     static C:\Users\GENCO\Desktop\lab için ödev5\burhanödev5\odev51\odev51.asm
              KESME_BITIR   0x000025    program     static C:\Users\GENCO\Desktop\lab için ödev5\burhanödev5\odev51\odev51.asm
                    table   0x000028    program     static C:\Users\GENCO\Desktop\lab için ödev5\burhanödev5\odev51\odev51.asm
               anaprogram   0x000033    program     static C:\Users\GENCO\Desktop\lab için ödev5\burhanödev5\odev51\odev51.asm
                    dongu   0x000045    program     static C:\Users\GENCO\Desktop\lab için ödev5\burhanödev5\odev51\odev51.asm


