MPLINK 4.40, Linker
Linker Map File - Created Tue Nov 01 00:59:35 2011

                                 Section Info
                  Section       Type    Address   Location Size(Bytes)
                ---------  ---------  ---------  ---------  ---------
                   .org_0       code   0x000000    program   0x000000
                   .org_1       code   0x000000    program   0x000002
                   .org_2       code   0x000004    program   0x00007e



                              Program Memory Usage 
                               Start         End      
                           ---------   ---------      
                            0x000000    0x000000      
                            0x000004    0x000042      
            64 out of 8454 program addresses used, program memory utilization is 0%



                              Symbols - Sorted by Name
                     Name    Address   Location    Storage File                     
                ---------  ---------  ---------  --------- ---------                
              ana_program   0x000005    program     static C:\Users\HP\Desktop\ödevlerle ilgili\odev3.asm
                    artir   0x000030    program     static C:\Users\HP\Desktop\ödevlerle ilgili\odev3.asm
                    dongu   0x000029    program     static C:\Users\HP\Desktop\ödevlerle ilgili\odev3.asm
                   durum2   0x00003b    program     static C:\Users\HP\Desktop\ödevlerle ilgili\odev3.asm
                    kesme   0x00002a    program     static C:\Users\HP\Desktop\ödevlerle ilgili\odev3.asm



                              Symbols - Sorted by Address
                     Name    Address   Location    Storage File                     
                ---------  ---------  ---------  --------- ---------                
              ana_program   0x000005    program     static C:\Users\HP\Desktop\ödevlerle ilgili\odev3.asm
                    dongu   0x000029    program     static C:\Users\HP\Desktop\ödevlerle ilgili\odev3.asm
                    kesme   0x00002a    program     static C:\Users\HP\Desktop\ödevlerle ilgili\odev3.asm
                    artir   0x000030    program     static C:\Users\HP\Desktop\ödevlerle ilgili\odev3.asm
                   durum2   0x00003b    program     static C:\Users\HP\Desktop\ödevlerle ilgili\odev3.asm


