MPASM  4.02 Released                            PROG_10_1.ASM   8-10-2006  18:00:45         PAGE  1


LOC  OBJECT CODE     LINE SOURCE TEXT
  VALUE

                      00001 ;*****************************************************************
                      00002 ;       Dosya Adý               : 10_1.asm
                      00003 ;       Programýn Amacý         : PSP kullanýmý
                      00004 ;       Notlar                  : Proteus programý simülasyonu
                      00005 ;                               : XT ==> 20Mhz
                      00006 ;*******************************************************************
                      00007         list p = 16F877A
                      00008         include "p16F877A.inc"
                      00001         LIST
                      00002 ; P16F877A.INC  Standard Header File, Version 1.00    Microchip Technology, Inc.
                      00398         LIST
2007   3F3A           00009         __config H'3F3A'                ;Tüm program sigortalarý kapalý, 
                      00010                                         ;Osilatör HS ve 20Mhz
                      00011 ;-------------------------------------------------------------------
                      00012 ; Genel deðiþken tanýmlamalarý
                      00013 ;-------------------------------------------------------------------
                      00014 #define PSP_errorFlag   7
                      00015 #define PSP_inputFlag   6
                      00016 #define PSP_outputFlag  5
                      00017 
  00000020            00018 PSP_CtrlByte            equ 0x20
  00000021            00019 PSP_inputBuffer         equ 0x21
  00000021            00020 PSP_outputBuffer        equ 0x21
                      00021 
0000                  00022         ORG     0
0000   018A           00023         clrf    PCLATH
0001   2839           00024         goto    Ana_Program
                      00025 
0004                  00026         ORG     4
                      00027 ;-------------------------------------------------------------------
                      00028 ; PSP'den gelen kesmeleri iþler. Veri alýndý ise alýnan veriyi 
                      00029 ; PSP_inputBuffer'a yazar ve verinin alýndýðýna dair PSP_inputFlag 
                      00030 ; bayraðýný set eder. Master cihazdan okuma komutu geldi ise ve 
                      00031 ; gönderilecek bir veri daha önceden PSP_outputBuaffer'a yazýldý ise 
                      00032 ; Master cihaza PORTD üzerinden veriyi transfer eder. Ve Verinin 
                      00033 ; hazýr olduðunu belirten PSP_outputFlag bayraðý siler.
                      00034 ;-------------------------------------------------------------------
0004                  00035 interrupt
0004   1283 1303      00036         banksel PIR1
0006   1F8C           00037         btfss   PIR1, PSPIF             ;PSP kesmesi oluþtu ise (veri geldi 
                      00038                                         ;ya da veri gönderildi ise) komut 
                      00039                                         ;atla.
0007   2825           00040         goto    int_son                 ;Kesme sonuna git ve kesmeden çýk.
0008   1683 1303      00041         banksel TRISE
Message[302]: Register in operand not in bank 0.  Ensure that bank bits are correct.
000A   1F89           00042         btfss   TRISE, IBF              ;Veri alýndý ise komut atla.
000B   2811           00043         goto    int_j1
000C   1283 1303      00044         banksel PSP_CtrlByte
000E   1720           00045         bsf     PSP_CtrlByte, PSP_inputFlag     ;Veri alýndý bayraðýný 
                      00046                                                 ;set et.
000F   0808           00047         movf    PORTD, W                        ;Gelen veriyi W'ye al. 
0010   00A1           00048         movwf   PSP_inputBuffer                 ;W'yi giriþ buffer deðiþkenine 
                      00049                                                 ;aktar.
MPASM  4.02 Released                            PROG_10_1.ASM   8-10-2006  18:00:45         PAGE  2


LOC  OBJECT CODE     LINE SOURCE TEXT
  VALUE

0011                  00050 int_j1
0011   1683 1303      00051         banksel TRISE                           ;Bank1'e geç.
Message[302]: Register in operand not in bank 0.  Ensure that bank bits are correct.
0013   1F09           00052         btfss   TRISE, OBF                      ;Veri gönderildi ise komut atla.
0014   281C           00053         goto    int_j2
0015   1283 1303      00054         banksel PSP_CtrlByte                    ;Bank0 seçildi, bu deðiþken ve 
                      00055                                                 ;PORTD ayný bankda.
0017   1EA0           00056         btfss   PSP_CtrlByte, PSP_outputFlag    ;veri gönderme bayraðý 
                      00057                                                 ;set ise komut atla.
0018   281C           00058         goto    int_j2
0019   0821           00059         movf    PSP_outputBuffer, W             ;Çýkýþ buffer deðiþkenine 
                      00060                                                 ;yüklenen veriyi
001A   0088           00061         movwf   PORTD                           ;PORD'ye gönder.
001B   12A0           00062         bcf     PSP_CtrlByte, PSP_outputFlag    ;Veri göndermeye hazýr 
                      00063                                                 ;bayraðýný sil.
001C                  00064 int_j2
001C   1683 1303      00065         banksel TRISE                           ;Bank1'e geç.
Message[302]: Register in operand not in bank 0.  Ensure that bank bits are correct.
001E   1E89           00066         btfss   TRISE, IBOV                     ;PSP'de hata oluþtuysa komut atla.
001F   2825           00067         goto    int_son
0020   1283 1303      00068         banksel PSP_CtrlByte
0022   17A0           00069         bsf     PSP_CtrlByte, PSP_errorFlag     ;Hata bayraðýný set et
Message[302]: Register in operand not in bank 0.  Ensure that bank bits are correct.
0023   1289           00070         bcf     TRISE, IBOV     
0024   138C           00071         bcf     PIR1, PSPIF                     ;PSP kesme bayraðýný sil.
0025                  00072 int_son
0025   0009           00073         retfie  
                      00074 ;-------------------------------------------------------------------
                      00075 ; PSP iletiþimi ayarlar, portlarý yönlendirir ve kesmeleri 
                      00076 ; aktifleþtirerek PSP iletiþimi baþlatýr.
                      00077 ;-------------------------------------------------------------------
0026                  00078 init
0026   1683 1303      00079         banksel TRISE                   ;Bank1'e geçildi.
0028   3037           00080         movlw   B'00110111'
Message[302]: Register in operand not in bank 0.  Ensure that bank bits are correct.
0029   0089           00081         movwf   TRISE                   ;PSPMODE aktif hale getirildi, RD, 
                      00082                                         ;WR ve CS uçlarý giriþ yapýldý.
Message[302]: Register in operand not in bank 0.  Ensure that bank bits are correct.
002A   0186           00083         clrf    TRISB                   ;PORTB çýkýþ yapýldý.
002B   3007           00084         movlw   0x07
Message[302]: Register in operand not in bank 0.  Ensure that bank bits are correct.
002C   009F           00085         movwf   ADCON1                  ;Analog giriþler kapatýldý. 
                      00086                                         ;PORTE'nin RD, WR ve CS giriþleri 
                      00087                                         ;için
002D   1283 1303      00088         banksel PORTB                   ;Bank0'a geçildi.
002F   0186           00089         clrf    PORTB                   ;PORTB'nin ilk çýkýþlarý LOW 
                      00090                                         ;yapýldý.
0030   01A0           00091         clrf    PSP_CtrlByte            ;PSP deðiþkenlerinin ilk durumu 
                      00092                                         ;sýfýrlanýyor.
0031   01A1           00093         clrf    PSP_inputBuffer
0032   01A1           00094         clrf    PSP_outputBuffer
0033   1683 1303      00095         banksel PIE1
Message[302]: Register in operand not in bank 0.  Ensure that bank bits are correct.
MPASM  4.02 Released                            PROG_10_1.ASM   8-10-2006  18:00:45         PAGE  3


LOC  OBJECT CODE     LINE SOURCE TEXT
  VALUE

0035   178C           00096         bsf     PIE1, PSPIE             ;Paralel Slave Port kesmesi 
                      00097                                         ;etkinleþtirildi.
0036   170B           00098         bsf     INTCON, PEIE            ;Çevresel kesmeler etkinleþtirildi.
0037   178B           00099         bsf     INTCON, GIE             ;Etkinleþtirilen kesmelere izin
                      00100                                         ;verildi.
0038   0008           00101         return
                      00102 ;-------------------------------------------------------------------
                      00103 ; Ana program PSP'den yazma sinyali geldiðinde gelen veriyi alýr ve 
                      00104 ; PORTB üzerinde baðlý olan LED’ler üzerinde görüntüler. Veri okuma 
                      00105 ; kýsmý uygun bir master cihaz kullanýlmadýðý ve kurulan devremiz 
                      00106 ; uygun olmadýðý için boþ býrakýlmýþtýr, fakat gerekli ipucu 
                      00107 ; verilmiþtir.
                      00108 ;-------------------------------------------------------------------
0039                  00109 Ana_Program
0039   2026           00110         call    init
003A                  00111 ana_j1
003A   1283 1303      00112         banksel PSP_CtrlByte
003C   1F20           00113         btfss   PSP_CtrlByte, PSP_inputFlag
003D   2841           00114         goto    ana_j2
003E   0821           00115         movf    PSP_inputBuffer, W
003F   0086           00116         movwf   PORTB
0040   1320           00117         bcf     PSP_CtrlByte, PSP_inputFlag     ;Veri alýndý bayraðýný 
                      00118                                                 ;sil.
0041                  00119 ana_j2
0041   1AA0           00120         btfsc   PSP_CtrlByte, PSP_outputFlag    ;Çýkýþ verisi hazýr 
                      00121                                                 ;bayraðý sýfýr ise 
                      00122                                                 ;komut atla.
0042   283A           00123         goto    ana_j1
                      00124 
                      00125 ;Buraya gönderilecek veriyi çýkýþ buffer deðiþkenine yazan kodlar 
                      00126 ;eklenecek. Örneðin sayac diye bir deðiþken içeriðini çýkýþa 
                      00127 ;transfer etmek istersek
                      00128 
                      00129         ;movf   sayac, W
                      00130         ;movwf  PSP_outputBuffer                
                      00131 
                      00132 ;sayac içeriði çýkýþ buffer'ýna yazýldý, gönderilmek için beklemede
                      00133 
0043   16A0           00134         bsf     PSP_CtrlByte, PSP_outputFlag    ;Veri gönderme 
                      00135 ;bayraðýný set et 
                      00136 ;(veri gönderilmeye hazýr).
                      00137 
                      00138 ;Eðer MASTER cihazdan okuma (RD) sinyali gelirse TRISE'nin OBF bit’i 
                      00139 ;set olur, kesmede ilgili kýsým çalýþýr. PSP_outputBuffer'a yüklenen 
                      00140 ;veri kesme içerisinden Master cihaza gönderilir ve PSP_outputFlag 
                      00141 ;bayraðý silinir.
0044   283A           00142         goto    ana_j1
                      00143 
                      00144         END
MPASM  4.02 Released                            PROG_10_1.ASM   8-10-2006  18:00:45         PAGE  4


SYMBOL TABLE
  LABEL                             VALUE 

ACKDT                             00000005
ACKEN                             00000004
ACKSTAT                           00000006
ADCON0                            0000001F
ADCON1                            0000009F
ADCS0                             00000006
ADCS1                             00000007
ADDEN                             00000003
ADFM                              00000007
ADIE                              00000006
ADIF                              00000006
ADON                              00000000
ADRESH                            0000001E
ADRESL                            0000009E
Ana_Program                       00000039
BCLIE                             00000003
BCLIF                             00000003
BF                                00000000
BRGH                              00000002
C                                 00000000
C1INV                             00000004
C1OUT                             00000006
C2INV                             00000005
C2OUT                             00000007
CCP1CON                           00000017
CCP1IE                            00000002
CCP1IF                            00000002
CCP1M0                            00000000
CCP1M1                            00000001
CCP1M2                            00000002
CCP1M3                            00000003
CCP1X                             00000005
CCP1Y                             00000004
CCP2CON                           0000001D
CCP2IE                            00000000
CCP2IF                            00000000
CCP2M0                            00000000
CCP2M1                            00000001
CCP2M2                            00000002
CCP2M3                            00000003
CCP2X                             00000005
CCP2Y                             00000004
CCPR1H                            00000016
CCPR1L                            00000015
CCPR2H                            0000001C
CCPR2L                            0000001B
CHS0                              00000003
CHS1                              00000004
CHS2                              00000005
CIS                               00000003
CKE                               00000006
CKP                               00000004
CM0                               00000000
MPASM  4.02 Released                            PROG_10_1.ASM   8-10-2006  18:00:45         PAGE  5


SYMBOL TABLE
  LABEL                             VALUE 

CM1                               00000001
CM2                               00000002
CMCON                             0000009C
CMIE                              00000006
CMIF                              00000006
CREN                              00000004
CSRC                              00000007
CVR0                              00000000
CVR1                              00000001
CVR2                              00000002
CVR3                              00000003
CVRCON                            0000009D
CVREN                             00000007
CVROE                             00000006
CVRR                              00000005
D                                 00000005
DATA_ADDRESS                      00000005
DC                                00000001
D_A                               00000005
EEADR                             0000010D
EEADRH                            0000010F
EECON1                            0000018C
EECON2                            0000018D
EEDATA                            0000010C
EEDATH                            0000010E
EEIE                              00000004
EEIF                              00000004
EEPGD                             00000007
F                                 00000001
FERR                              00000002
FSR                               00000004
GCEN                              00000007
GIE                               00000007
GO                                00000002
GO_DONE                           00000002
I2C_DATA                          00000005
I2C_READ                          00000002
I2C_START                         00000003
I2C_STOP                          00000004
IBF                               00000007
IBOV                              00000005
INDF                              00000000
INTCON                            0000000B
INTE                              00000004
INTEDG                            00000006
INTF                              00000001
IRP                               00000007
NOT_A                             00000005
NOT_ADDRESS                       00000005
NOT_BO                            00000000
NOT_BOR                           00000000
NOT_DONE                          00000002
NOT_PD                            00000003
MPASM  4.02 Released                            PROG_10_1.ASM   8-10-2006  18:00:45         PAGE  6


SYMBOL TABLE
  LABEL                             VALUE 

NOT_POR                           00000001
NOT_RBPU                          00000007
NOT_RC8                           00000006
NOT_T1SYNC                        00000002
NOT_TO                            00000004
NOT_TX8                           00000006
NOT_W                             00000002
NOT_WRITE                         00000002
OBF                               00000006
OERR                              00000001
OPTION_REG                        00000081
P                                 00000004
PCFG0                             00000000
PCFG1                             00000001
PCFG2                             00000002
PCFG3                             00000003
PCL                               00000002
PCLATH                            0000000A
PCON                              0000008E
PEIE                              00000006
PEN                               00000002
PIE1                              0000008C
PIE2                              0000008D
PIR1                              0000000C
PIR2                              0000000D
PORTA                             00000005
PORTB                             00000006
PORTC                             00000007
PORTD                             00000008
PORTE                             00000009
PR2                               00000092
PS0                               00000000
PS1                               00000001
PS2                               00000002
PSA                               00000003
PSPIE                             00000007
PSPIF                             00000007
PSPMODE                           00000004
PSP_CtrlByte                      00000020
PSP_errorFlag                     7
PSP_inputBuffer                   00000021
PSP_inputFlag                     6
PSP_outputBuffer                  00000021
PSP_outputFlag                    5
R                                 00000002
RBIE                              00000003
RBIF                              00000000
RC8_9                             00000006
RC9                               00000006
RCD8                              00000000
RCEN                              00000003
RCIE                              00000005
RCIF                              00000005
MPASM  4.02 Released                            PROG_10_1.ASM   8-10-2006  18:00:45         PAGE  7


SYMBOL TABLE
  LABEL                             VALUE 

RCREG                             0000001A
RCSTA                             00000018
RD                                00000000
READ_WRITE                        00000002
RP0                               00000005
RP1                               00000006
RSEN                              00000001
RX9                               00000006
RX9D                              00000000
R_W                               00000002
S                                 00000003
SEN                               00000000
SMP                               00000007
SPBRG                             00000099
SPEN                              00000007
SREN                              00000005
SSPADD                            00000093
SSPBUF                            00000013
SSPCON                            00000014
SSPCON2                           00000091
SSPEN                             00000005
SSPIE                             00000003
SSPIF                             00000003
SSPM0                             00000000
SSPM1                             00000001
SSPM2                             00000002
SSPM3                             00000003
SSPOV                             00000006
SSPSTAT                           00000094
STATUS                            00000003
SYNC                              00000004
T0CS                              00000005
T0IE                              00000005
T0IF                              00000002
T0SE                              00000004
T1CKPS0                           00000004
T1CKPS1                           00000005
T1CON                             00000010
T1INSYNC                          00000002
T1OSCEN                           00000003
T1SYNC                            00000002
T2CKPS0                           00000000
T2CKPS1                           00000001
T2CON                             00000012
TMR0                              00000001
TMR0IE                            00000005
TMR0IF                            00000002
TMR1CS                            00000001
TMR1H                             0000000F
TMR1IE                            00000000
TMR1IF                            00000000
TMR1L                             0000000E
TMR1ON                            00000000
MPASM  4.02 Released                            PROG_10_1.ASM   8-10-2006  18:00:45         PAGE  8


SYMBOL TABLE
  LABEL                             VALUE 

TMR2                              00000011
TMR2IE                            00000001
TMR2IF                            00000001
TMR2ON                            00000002
TOUTPS0                           00000003
TOUTPS1                           00000004
TOUTPS2                           00000005
TOUTPS3                           00000006
TRISA                             00000085
TRISB                             00000086
TRISC                             00000087
TRISD                             00000088
TRISE                             00000089
TRISE0                            00000000
TRISE1                            00000001
TRISE2                            00000002
TRMT                              00000001
TX8_9                             00000006
TX9                               00000006
TX9D                              00000000
TXD8                              00000000
TXEN                              00000005
TXIE                              00000004
TXIF                              00000004
TXREG                             00000019
TXSTA                             00000098
UA                                00000001
W                                 00000000
WCOL                              00000007
WR                                00000001
WREN                              00000002
WRERR                             00000003
Z                                 00000002
_BODEN_OFF                        00003FBF
_BODEN_ON                         00003FFF
_CPD_OFF                          00003FFF
_CPD_ON                           00003EFF
_CP_ALL                           00001FFF
_CP_OFF                           00003FFF
_DEBUG_OFF                        00003FFF
_DEBUG_ON                         000037FF
_HS_OSC                           00003FFE
_LP_OSC                           00003FFC
_LVP_OFF                          00003F7F
_LVP_ON                           00003FFF
_PWRTE_OFF                        00003FFF
_PWRTE_ON                         00003FF7
_RC_OSC                           00003FFF
_WDT_OFF                          00003FFB
_WDT_ON                           00003FFF
_WRT_1FOURTH                      00003BFF
_WRT_256                          00003DFF
_WRT_HALF                         000039FF
MPASM  4.02 Released                            PROG_10_1.ASM   8-10-2006  18:00:45         PAGE  9


SYMBOL TABLE
  LABEL                             VALUE 

_WRT_OFF                          00003FFF
_XT_OSC                           00003FFD
__16F877A                         00000001
ana_j1                            0000003A
ana_j2                            00000041
init                              00000026
int_j1                            00000011
int_j2                            0000001C
int_son                           00000025
interrupt                         00000004


MEMORY USAGE MAP ('X' = Used,  '-' = Unused)

0000 : XX--XXXXXXXXXXXX XXXXXXXXXXXXXXXX XXXXXXXXXXXXXXXX XXXXXXXXXXXXXXXX
0040 : XXXXX----------- ---------------- ---------------- ----------------
2000 : -------X-------- ---------------- ---------------- ----------------

All other memory blocks unused.

Program Memory Words Used:    67
Program Memory Words Free:  8125


Errors   :     0
Warnings :     0 reported,     0 suppressed
Messages :     8 reported,     0 suppressed

