MPASM  4.02 Released                            PROG_11_4.ASM   8-11-2006  10:53:07         PAGE  1


LOC  OBJECT CODE     LINE SOURCE TEXT
  VALUE

                      00001 ;*******************************************************************
                      00002 ;       Dosya Adý               : 11_4.asm
                      00003 ;       Programýn Amacý         : 4x4 tuþ takýmý tasarýmý
                      00004 ;       PIC DK2.1a              : PORTB Çýkýþ ==> LED
                      00005 ;                               : XT ==> 4Mhz
                      00006 ;*******************************************************************
                      00007         list p=16F877A                  
                      00008         include "p16F877A.inc"                          
                      00001         LIST
                      00002 ; P16F877A.INC  Standard Header File, Version 1.00    Microchip Technology, Inc.
                      00398         LIST
2007   3F31           00009         __config H'3F31'                        ;PWRT on, diðerleri kapalý, 
                      00010                                                 ;Osilatör XT ve 4Mhz.
                      00011 ;-------------------------------------------------------------------
                      00012 ; Deðiþken tanýmlarý yapýlýyor.
                      00013 ;-------------------------------------------------------------------
                      00014         CBLOCK  0x20                    ;16F877A'nýn RAM baþlangýç adresi, 
  00000020            00015                 _W                      ;deðiþkenler burada
  00000021            00016                 _STATUS
  00000022            00017                 _FSR
  00000023            00018                 _PCLATH
  00000024            00019                 satir                   ;klavyede taranacak satýrý belirler
  00000025            00020                 tus
  00000026            00021                 temp
  00000027            00022                 Timer10ms               ;10ms sayacý
  00000028            00023                 Timer1s                 ;1s sayacý
  00000029            00024                 TimeCtrl
  0000002A            00025                 ButonCtrl
                      00026         ENDC
                      00027 
0000                  00028         ORG     0                                       
0000   118A 120A      00029         pagesel Ana_program             ;ana programýn bulunduðu program 
                      00030                                         ;sayfasý seçildi.
0002   2854           00031         goto    Ana_program             ;ana programa git.
                      00032 
0004                  00033         ORG     4                       ;Kesme alt programý bu adresten 
                      00034                                         ;baþlýyor. Fakat programda kesme 
                      00035                                         ;kullanmadýk. Ýstenirse buradan 
                      00036                                         ;itibaren kesme programý ilave 
                      00037                                         ;edilebilir.
0004   282E           00038         goto    kesme
                      00039 ;-------------------------------------------------------------------
                      00040 ; Her 10ms’de bir satýr tarama iþlemi yapar. Taranan satýr LOW, 
                      00041 ; diðerleri HIGH seviyesine çekilir.
                      00042 ;-------------------------------------------------------------------
0005                  00043 KlavyeTara
0005                  00044 satir1
0005   30E0           00045         movlw   b'11100000'
0006   0088           00046         movwf   PORTD                   ;0. satýr aktif.
0007                  00047 sifir                                   ;sütun = 0
0007   1C08           00048         btfss   PORTD,0                 ;0. sütundaki tuþa basýlý mý?
0008   3400           00049         retlw   d'0'
0009                  00050 bir                                     ;sütun = 1
MPASM  4.02 Released                            PROG_11_4.ASM   8-11-2006  10:53:07         PAGE  2


LOC  OBJECT CODE     LINE SOURCE TEXT
  VALUE

0009   1C88           00051         btfss   PORTD,1                 ;1. sütundaki tuþ basýlý mý?
000A   3401           00052         retlw   d'1'
000B                  00053 iki                                     ;sutun = 2
000B   1D08           00054         btfss   PORTD,2                 ;2. sütundaki tuþ basýlý mý?
000C   3402           00055         retlw   d'2'
000D                  00056 uc                                      ;sutun = 3
000D   1D88           00057         btfss   PORTD,3                 ;3. sütundaki tuþa basýlý mý?
000E   3403           00058         retlw   d'3'
000F                  00059 satir2
000F   30D0           00060         movlw   b'11010000'
0010   0088           00061         movwf   PORTD                   ;1. satýr aktif
0011                  00062 dort                                    ;sutun = 0
0011   1C08           00063         btfss   PORTD,0                 ;0. sütundaki tuþa basýlý mý?
0012   3404           00064         retlw   d'4'
0013                  00065 bes                                     ;sutun = 1
0013   1C88           00066         btfss   PORTD,1                 ;1. sütundaki tuþ basýlý mý?
0014   3405           00067         retlw   d'5'
0015                  00068 alti                                    ;sutun = 2
0015   1D08           00069         btfss   PORTD,2                 ;2. sütundaki tuþ basýlý mý?
0016   3406           00070         retlw   d'6'
0017                  00071 yedi                                    ;sutun = 3
0017   1D88           00072         btfss   PORTD,3                 ;3. sütundaki tuþa basýlý mý?
0018   3407           00073         retlw   d'7'
0019                  00074 satir3
0019   30B0           00075         movlw   b'10110000'
001A   0088           00076         movwf   PORTD                   ;2. satýr aktif
001B                  00077 sekiz                                   ;sutun = 0
001B   1C08           00078         btfss   PORTD,0                 ;0. sütundaki tuþa basýlý mý?
001C   3408           00079         retlw   d'8'
001D                  00080 dokuz                                   ;sutun = 1
001D   1C88           00081         btfss   PORTD,1                 ;1. sütundaki tuþ basýlý mý?
001E   3409           00082         retlw   d'9'
001F                  00083 on                                      ;sutun = 2
001F   1D08           00084         btfss   PORTD,2                 ;2. sütundaki tuþ basýlý mý?
0020   340A           00085         retlw   d'10'
0021                  00086 onbir                                   ;sutun = 3
0021   1D88           00087         btfss   PORTD,3                 ;3. sütundaki tuþa basýlý mý?
0022   340B           00088         retlw   d'11'
0023                  00089 satir4
0023   3070           00090         movlw   b'01110000'
0024   0088           00091         movwf   PORTD                   ;3. satýr aktif
0025                  00092 oniki
0025   1C08           00093         btfss   PORTD,0                 ;0. sütundaki tuþa basýlý mý?
0026   340C           00094         retlw   d'12'
0027                  00095 onuc
0027   1C88           00096         btfss   PORTD,1                 ;1. sütundaki tuþ basýlý mý?
0028   340D           00097         retlw   d'13'
0029                  00098 ondort
0029   1D08           00099         btfss   PORTD,2                 ;2. sütundaki tuþ basýlý mý?
002A   340E           00100         retlw   d'14'
002B                  00101 onbes
002B   1D88           00102         btfss   PORTD,3                 ;3. sütundaki tuþa basýlý mý?
002C   340F           00103         retlw   d'15'
MPASM  4.02 Released                            PROG_11_4.ASM   8-11-2006  10:53:07         PAGE  3


LOC  OBJECT CODE     LINE SOURCE TEXT
  VALUE

002D   34FF           00104         retlw   d'255'
                      00105 ;-------------------------------------------------------------------
                      00106 ; Kesme programý (kullanýlacak ise LCD ya da zamanlamanýn önemli 
                      00107 ; olduðu cihazlarla çalýþýrken iletiþimin kesilmemesine dikkat ediniz).
                      00108 ;-------------------------------------------------------------------
002E                  00109 kesme   
002E   00A0           00110         movwf   _W                      ;PCLATH, FSR, STATUS ve
002F   0EA0           00111         swapf   _W, F                   ;W yedekleniyor.
0030   0E03           00112         swapf   STATUS, W
0031   00A1           00113         movwf   _STATUS
0032   0E04           00114         swapf   FSR, W
0033   00A2           00115         movwf   _FSR
0034   0E0A           00116         swapf   PCLATH, W
0035   00A3           00117         movwf   _PCLATH
                      00118 
0036   1E8B           00119         btfss   INTCON, T0IE            ;TMR0 kesmesi etkin mi? Evetse bir 
                      00120                                         ;komut atla.
0037   284B           00121         goto    int_son                 ;hayýrsa kesmeden çýk.
0038   1D0B           00122         btfss   INTCON, T0IF            ;TMR0 kesmesi oluþtu mu? (T0IF=1 ?)
0039   284B           00123         goto    int_son                 ;hayýrsa kesmeden çýk.
003A   3006           00124         movlw   0x06
003B   0081           00125         movwf   TMR0
003C   1429           00126         bsf     TimeCtrl, 0             ;1 ms bayraðý set oldu.
003D   0AA7           00127         incf    Timer10ms, F
003E   300A           00128         movlw   .10
003F   0227           00129         subwf   Timer10ms, W
0040   1D03           00130         btfss   STATUS, Z
0041   284B           00131         goto    int_son
0042   01A7           00132         clrf    Timer10ms               ;10 ms doldu.
0043   14A9           00133         bsf     TimeCtrl, 1             ;10 ms bayraðý set oldu.
0044   0AA8           00134         incf    Timer1s, F              ;1 sn sayacýný artýr, deðeri 100 
                      00135                                         ;olduðunda 1 sn geçmiþtir,
                      00136                                         ;bu durumda sayaç artýrýlacak.
0045   3064           00137         movlw   .100
0046   0228           00138         subwf   Timer1s, W
0047   1C03           00139         btfss   STATUS, C
0048   284B           00140         goto    int_son
0049   01A8           00141         clrf    Timer1s                 ;1 sn doldu.
004A   1529           00142         bsf     TimeCtrl, 2             ;1 sn bayraðý set oldu.
                      00143 
004B                  00144 int_son
004B   110B           00145         bcf     INTCON, T0IF            ;Kesme bayraðýný sil.
004C   0E23           00146         swapf   _PCLATH, W              ;PCLATH, FSR, STATUS ve W
004D   008A           00147         movwf   PCLATH                  ;yedekten geri alýnýyor.
004E   0E22           00148         swapf   _FSR, W
004F   0084           00149         movwf   FSR
0050   0E21           00150         swapf   _STATUS, W
0051   0083           00151         movwf   STATUS
0052   0E20           00152         swapf   _W, W
0053   0009           00153         retfie
                      00154 
                      00155 ;-------------------------------------------------------------------
                      00156 ; Ana program
MPASM  4.02 Released                            PROG_11_4.ASM   8-11-2006  10:53:07         PAGE  4


LOC  OBJECT CODE     LINE SOURCE TEXT
  VALUE

                      00157 ;-------------------------------------------------------------------
0054                  00158 Ana_program     
0054   30D1           00159         movlw   0xD1                    ;RB pull-up pasif, TMR0 için clock 
                      00160                                         ;kaynaðý intrenal clock
Warning[224]: Use of this instruction is not recommended.
0055   0062           00161         option                          ;1:4 prescaler deðer seçildi.
0056   1683 1303      00162         banksel TRISB                   ;BANK1 seçildi.
Message[302]: Register in operand not in bank 0.  Ensure that bank bits are correct.
0058   0186           00163         clrf    TRISB                   ;PORTB çýkýþ yapýldý.
Message[302]: Register in operand not in bank 0.  Ensure that bank bits are correct.
0059   0189           00164         clrf    TRISE                   ;PORTE çýkýþ yapýldý, PORTD ise 
                      00165                                         ;normal giriþ/çýkýþ moduna alýndý.
005A   300F           00166         movlw   0x0F
Message[302]: Register in operand not in bank 0.  Ensure that bank bits are correct.
005B   0088           00167         movwf   TRISD                   ;PORTD’nin en deðerli 4 bit’i satýr 
                      00168                                         ;bilgisi için giriþe, sütun bilgisi 
                      00169                                         ;için çýkýþa ayarlandý.
005C   1283 1303      00170         banksel PORTB                   ;BANK0 seçildi.
005E   0186           00171         clrf    PORTB                   ;PORTB çýkýþlarý sýfýrlandý.
005F   01A4           00172         clrf    satir                   ;satir = 0
0060   01A5           00173         clrf    tus
0061   01A7           00174         clrf    Timer10ms               ;10ms sayacý sýfýrlandý.
0062   01A9           00175         clrf    TimeCtrl                ;Zaman kontrol kaydedicisi silindi.
0063   01AA           00176         clrf    ButonCtrl               ;Buton kontrol kaydedicisi silindi. 
                      00177 
0064   3006           00178         movlw   0x06
0065   0081           00179         movwf   TMR0                    ;TMR0 zamanlayýcýsý ilk deðeri 
                      00180                                         ;verildi.
                      00181 
0066   168B           00182         bsf     INTCON, T0IE            ;TMR0 kesmesi etkin hale getirildi.
0067   178B           00183         bsf     INTCON, GIE             ;Etkinleþtirilen tüm kesmelere izin 
                      00184                                         ;verildi.
0068   1D29           00185         btfss   TimeCtrl, 2             ;örneðin baþlangýçta 1 saniye 
                      00186                                         ;gecikme istersek
0069   2868           00187         goto    $-1                     ;1 sn bayraðý test edilerek set 
                      00188                                         ;olmasý beklenir.
006A                  00189 Ana_j1
006A   1CA9           00190         btfss   TimeCtrl, 1             ;10 ms süre geçti mi?
006B   2873           00191         goto    Ana_j2                  ;buton kontrol et.
006C   2005           00192         call    KlavyeTara              ;Klavye tara.
006D   00A5           00193         movwf   tus                     ;Basýlan tuþun kodunu al.
006E   3CFF           00194         sublw   0xFF
006F   1903           00195         btfsc   STATUS, Z
0070   2873           00196         goto    Ana_j2                  ;Butona basýlmamýþ.
0071   142A           00197         bsf     ButonCtrl, 0            ;Butona basýldý bayraðýný set et.
0072   10A9           00198         bcf     TimeCtrl, 1             ;10 ms bayraðýný sil.
                      00199 
0073                  00200 Ana_j2
0073   1C2A           00201         btfss   ButonCtrl, 0            ;Butona basýlmýþ ise bir komut atla
0074   286A           00202         goto    Ana_j1                  ;Baþa dön
0075   0825           00203         movf    tus, W                  ;Basýlan butonun kodu W'de.
0076   0086           00204         movwf   PORTB                   ;kodu PORTB'ye aktar.
0077   102A           00205         bcf     ButonCtrl, 0            ;Butona basýlma durumunu gösteren 
MPASM  4.02 Released                            PROG_11_4.ASM   8-11-2006  10:53:07         PAGE  5


LOC  OBJECT CODE     LINE SOURCE TEXT
  VALUE

                      00206                                         ;bayraðý sil.
0078   286A           00207         goto    Ana_j1                  ;Sistem kapatýlana ya da
                      00208                                         ;resetlenene kadar boþ döngü Bu 
                      00209                                         ;döngü sýrasýnda 10ms’de bir kesme
                      00210                                         ;çalýþýyor.
                      00211         end
MPASM  4.02 Released                            PROG_11_4.ASM   8-11-2006  10:53:07         PAGE  6


SYMBOL TABLE
  LABEL                             VALUE 

ACKDT                             00000005
ACKEN                             00000004
ACKSTAT                           00000006
ADCON0                            0000001F
ADCON1                            0000009F
ADCS0                             00000006
ADCS1                             00000007
ADDEN                             00000003
ADFM                              00000007
ADIE                              00000006
ADIF                              00000006
ADON                              00000000
ADRESH                            0000001E
ADRESL                            0000009E
Ana_j1                            0000006A
Ana_j2                            00000073
Ana_program                       00000054
BCLIE                             00000003
BCLIF                             00000003
BF                                00000000
BRGH                              00000002
ButonCtrl                         0000002A
C                                 00000000
C1INV                             00000004
C1OUT                             00000006
C2INV                             00000005
C2OUT                             00000007
CCP1CON                           00000017
CCP1IE                            00000002
CCP1IF                            00000002
CCP1M0                            00000000
CCP1M1                            00000001
CCP1M2                            00000002
CCP1M3                            00000003
CCP1X                             00000005
CCP1Y                             00000004
CCP2CON                           0000001D
CCP2IE                            00000000
CCP2IF                            00000000
CCP2M0                            00000000
CCP2M1                            00000001
CCP2M2                            00000002
CCP2M3                            00000003
CCP2X                             00000005
CCP2Y                             00000004
CCPR1H                            00000016
CCPR1L                            00000015
CCPR2H                            0000001C
CCPR2L                            0000001B
CHS0                              00000003
CHS1                              00000004
CHS2                              00000005
CIS                               00000003
MPASM  4.02 Released                            PROG_11_4.ASM   8-11-2006  10:53:07         PAGE  7


SYMBOL TABLE
  LABEL                             VALUE 

CKE                               00000006
CKP                               00000004
CM0                               00000000
CM1                               00000001
CM2                               00000002
CMCON                             0000009C
CMIE                              00000006
CMIF                              00000006
CREN                              00000004
CSRC                              00000007
CVR0                              00000000
CVR1                              00000001
CVR2                              00000002
CVR3                              00000003
CVRCON                            0000009D
CVREN                             00000007
CVROE                             00000006
CVRR                              00000005
D                                 00000005
DATA_ADDRESS                      00000005
DC                                00000001
D_A                               00000005
EEADR                             0000010D
EEADRH                            0000010F
EECON1                            0000018C
EECON2                            0000018D
EEDATA                            0000010C
EEDATH                            0000010E
EEIE                              00000004
EEIF                              00000004
EEPGD                             00000007
F                                 00000001
FERR                              00000002
FSR                               00000004
GCEN                              00000007
GIE                               00000007
GO                                00000002
GO_DONE                           00000002
I2C_DATA                          00000005
I2C_READ                          00000002
I2C_START                         00000003
I2C_STOP                          00000004
IBF                               00000007
IBOV                              00000005
INDF                              00000000
INTCON                            0000000B
INTE                              00000004
INTEDG                            00000006
INTF                              00000001
IRP                               00000007
KlavyeTara                        00000005
NOT_A                             00000005
NOT_ADDRESS                       00000005
MPASM  4.02 Released                            PROG_11_4.ASM   8-11-2006  10:53:07         PAGE  8


SYMBOL TABLE
  LABEL                             VALUE 

NOT_BO                            00000000
NOT_BOR                           00000000
NOT_DONE                          00000002
NOT_PD                            00000003
NOT_POR                           00000001
NOT_RBPU                          00000007
NOT_RC8                           00000006
NOT_T1SYNC                        00000002
NOT_TO                            00000004
NOT_TX8                           00000006
NOT_W                             00000002
NOT_WRITE                         00000002
OBF                               00000006
OERR                              00000001
OPTION_REG                        00000081
P                                 00000004
PCFG0                             00000000
PCFG1                             00000001
PCFG2                             00000002
PCFG3                             00000003
PCL                               00000002
PCLATH                            0000000A
PCON                              0000008E
PEIE                              00000006
PEN                               00000002
PIE1                              0000008C
PIE2                              0000008D
PIR1                              0000000C
PIR2                              0000000D
PORTA                             00000005
PORTB                             00000006
PORTC                             00000007
PORTD                             00000008
PORTE                             00000009
PR2                               00000092
PS0                               00000000
PS1                               00000001
PS2                               00000002
PSA                               00000003
PSPIE                             00000007
PSPIF                             00000007
PSPMODE                           00000004
R                                 00000002
RBIE                              00000003
RBIF                              00000000
RC8_9                             00000006
RC9                               00000006
RCD8                              00000000
RCEN                              00000003
RCIE                              00000005
RCIF                              00000005
RCREG                             0000001A
RCSTA                             00000018
MPASM  4.02 Released                            PROG_11_4.ASM   8-11-2006  10:53:07         PAGE  9


SYMBOL TABLE
  LABEL                             VALUE 

RD                                00000000
READ_WRITE                        00000002
RP0                               00000005
RP1                               00000006
RSEN                              00000001
RX9                               00000006
RX9D                              00000000
R_W                               00000002
S                                 00000003
SEN                               00000000
SMP                               00000007
SPBRG                             00000099
SPEN                              00000007
SREN                              00000005
SSPADD                            00000093
SSPBUF                            00000013
SSPCON                            00000014
SSPCON2                           00000091
SSPEN                             00000005
SSPIE                             00000003
SSPIF                             00000003
SSPM0                             00000000
SSPM1                             00000001
SSPM2                             00000002
SSPM3                             00000003
SSPOV                             00000006
SSPSTAT                           00000094
STATUS                            00000003
SYNC                              00000004
T0CS                              00000005
T0IE                              00000005
T0IF                              00000002
T0SE                              00000004
T1CKPS0                           00000004
T1CKPS1                           00000005
T1CON                             00000010
T1INSYNC                          00000002
T1OSCEN                           00000003
T1SYNC                            00000002
T2CKPS0                           00000000
T2CKPS1                           00000001
T2CON                             00000012
TMR0                              00000001
TMR0IE                            00000005
TMR0IF                            00000002
TMR1CS                            00000001
TMR1H                             0000000F
TMR1IE                            00000000
TMR1IF                            00000000
TMR1L                             0000000E
TMR1ON                            00000000
TMR2                              00000011
TMR2IE                            00000001
MPASM  4.02 Released                            PROG_11_4.ASM   8-11-2006  10:53:07         PAGE 10


SYMBOL TABLE
  LABEL                             VALUE 

TMR2IF                            00000001
TMR2ON                            00000002
TOUTPS0                           00000003
TOUTPS1                           00000004
TOUTPS2                           00000005
TOUTPS3                           00000006
TRISA                             00000085
TRISB                             00000086
TRISC                             00000087
TRISD                             00000088
TRISE                             00000089
TRISE0                            00000000
TRISE1                            00000001
TRISE2                            00000002
TRMT                              00000001
TX8_9                             00000006
TX9                               00000006
TX9D                              00000000
TXD8                              00000000
TXEN                              00000005
TXIE                              00000004
TXIF                              00000004
TXREG                             00000019
TXSTA                             00000098
TimeCtrl                          00000029
Timer10ms                         00000027
Timer1s                           00000028
UA                                00000001
W                                 00000000
WCOL                              00000007
WR                                00000001
WREN                              00000002
WRERR                             00000003
Z                                 00000002
_BODEN_OFF                        00003FBF
_BODEN_ON                         00003FFF
_CPD_OFF                          00003FFF
_CPD_ON                           00003EFF
_CP_ALL                           00001FFF
_CP_OFF                           00003FFF
_DEBUG_OFF                        00003FFF
_DEBUG_ON                         000037FF
_FSR                              00000022
_HS_OSC                           00003FFE
_LP_OSC                           00003FFC
_LVP_OFF                          00003F7F
_LVP_ON                           00003FFF
_PCLATH                           00000023
_PWRTE_OFF                        00003FFF
_PWRTE_ON                         00003FF7
_RC_OSC                           00003FFF
_STATUS                           00000021
_W                                00000020
MPASM  4.02 Released                            PROG_11_4.ASM   8-11-2006  10:53:07         PAGE 11


SYMBOL TABLE
  LABEL                             VALUE 

_WDT_OFF                          00003FFB
_WDT_ON                           00003FFF
_WRT_1FOURTH                      00003BFF
_WRT_256                          00003DFF
_WRT_HALF                         000039FF
_WRT_OFF                          00003FFF
_XT_OSC                           00003FFD
__16F877A                         00000001
alti                              00000015
bes                               00000013
bir                               00000009
dokuz                             0000001D
dort                              00000011
iki                               0000000B
int_son                           0000004B
kesme                             0000002E
on                                0000001F
onbes                             0000002B
onbir                             00000021
ondort                            00000029
oniki                             00000025
onuc                              00000027
satir                             00000024
satir1                            00000005
satir2                            0000000F
satir3                            00000019
satir4                            00000023
sekiz                             0000001B
sifir                             00000007
temp                              00000026
tus                               00000025
uc                                0000000D
yedi                              00000017


MEMORY USAGE MAP ('X' = Used,  '-' = Unused)

0000 : XXX-XXXXXXXXXXXX XXXXXXXXXXXXXXXX XXXXXXXXXXXXXXXX XXXXXXXXXXXXXXXX
0040 : XXXXXXXXXXXXXXXX XXXXXXXXXXXXXXXX XXXXXXXXXXXXXXXX XXXXXXXXX-------
2000 : -------X-------- ---------------- ---------------- ----------------

All other memory blocks unused.

Program Memory Words Used:   120
Program Memory Words Free:  8072


Errors   :     0
Warnings :     1 reported,     0 suppressed
Messages :     3 reported,     0 suppressed

