MPLINK 4.40, Linker
Linker Map File - Created Tue Jan 24 10:10:13 2012

                                 Section Info
                  Section       Type    Address   Location Size(Bytes)
                ---------  ---------  ---------  ---------  ---------
                   .org_0       code   0x000000    program   0x000000
                   .org_1       code   0x000000    program   0x000002
                   .org_2       code   0x000004    program   0x0000b6



                              Program Memory Usage 
                               Start         End      
                           ---------   ---------      
                            0x000000    0x000000      
                            0x000004    0x00005e      
            92 out of 8454 program addresses used, program memory utilization is 1%



                              Symbols - Sorted by Name
                     Name    Address   Location    Storage File                     
                ---------  ---------  ---------  --------- ---------                
                     ALTI   0x00001d    program     static C:\Users\hp\Desktop\but\rb4567\rb4567.asm
                      ANA   0x000035    program     static C:\Users\hp\Desktop\but\rb4567\rb4567.asm
                      BES   0x000012    program     static C:\Users\hp\Desktop\but\rb4567\rb4567.asm
                      DON   0x000058    program     static C:\Users\hp\Desktop\but\rb4567\rb4567.asm
                     DON1   0x00005a    program     static C:\Users\hp\Desktop\but\rb4567\rb4567.asm
                    DONGU   0x000055    program     static C:\Users\hp\Desktop\but\rb4567\rb4567.asm
                    GECIK   0x000056    program     static C:\Users\hp\Desktop\but\rb4567\rb4567.asm
                    KESME   0x000004    program     static C:\Users\hp\Desktop\but\rb4567\rb4567.asm
                      SON   0x000033    program     static C:\Users\hp\Desktop\but\rb4567\rb4567.asm
                     YEDI   0x000028    program     static C:\Users\hp\Desktop\but\rb4567\rb4567.asm



                              Symbols - Sorted by Address
                     Name    Address   Location    Storage File                     
                ---------  ---------  ---------  --------- ---------                
                    KESME   0x000004    program     static C:\Users\hp\Desktop\but\rb4567\rb4567.asm
                      BES   0x000012    program     static C:\Users\hp\Desktop\but\rb4567\rb4567.asm
                     ALTI   0x00001d    program     static C:\Users\hp\Desktop\but\rb4567\rb4567.asm
                     YEDI   0x000028    program     static C:\Users\hp\Desktop\but\rb4567\rb4567.asm
                      SON   0x000033    program     static C:\Users\hp\Desktop\but\rb4567\rb4567.asm
                      ANA   0x000035    program     static C:\Users\hp\Desktop\but\rb4567\rb4567.asm
                    DONGU   0x000055    program     static C:\Users\hp\Desktop\but\rb4567\rb4567.asm
                    GECIK   0x000056    program     static C:\Users\hp\Desktop\but\rb4567\rb4567.asm
                      DON   0x000058    program     static C:\Users\hp\Desktop\but\rb4567\rb4567.asm
                     DON1   0x00005a    program     static C:\Users\hp\Desktop\but\rb4567\rb4567.asm


