MPLINK 4.40, Linker
Linker Map File - Created Sat Dec 29 01:31:34 2012

                                 Section Info
                  Section       Type    Address   Location Size(Bytes)
                ---------  ---------  ---------  ---------  ---------
                   .org_0       code   0x000000    program   0x000000
                   .org_1       code   0x000000    program   0x000002
                   .org_2       code   0x000004    program   0x00008a



                              Program Memory Usage 
                               Start         End      
                           ---------   ---------      
                            0x000000    0x000000      
                            0x000004    0x000048      
            70 out of 8454 program addresses used, program memory utilization is 0%



                              Symbols - Sorted by Name
                     Name    Address   Location    Storage File                     
                ---------  ---------  ---------  --------- ---------                
                      ANA   0x000006    program     static C:\mikro\Yeni klasör\deney3\deney3.asm
                      ART   0x000034    program     static C:\mikro\Yeni klasör\deney3\deney3.asm
                    AZALT   0x00003a    program     static C:\mikro\Yeni klasör\deney3\deney3.asm
                      DON   0x000042    program     static C:\mikro\Yeni klasör\deney3\deney3.asm
                     DON1   0x000044    program     static C:\mikro\Yeni klasör\deney3\deney3.asm
                    DONGU   0x00002f    program     static C:\mikro\Yeni klasör\deney3\deney3.asm
                    GECIK   0x000040    program     static C:\mikro\Yeni klasör\deney3\deney3.asm
                    KESME   0x000005    program     static C:\mikro\Yeni klasör\deney3\deney3.asm



                              Symbols - Sorted by Address
                     Name    Address   Location    Storage File                     
                ---------  ---------  ---------  --------- ---------                
                    KESME   0x000005    program     static C:\mikro\Yeni klasör\deney3\deney3.asm
                      ANA   0x000006    program     static C:\mikro\Yeni klasör\deney3\deney3.asm
                    DONGU   0x00002f    program     static C:\mikro\Yeni klasör\deney3\deney3.asm
                      ART   0x000034    program     static C:\mikro\Yeni klasör\deney3\deney3.asm
                    AZALT   0x00003a    program     static C:\mikro\Yeni klasör\deney3\deney3.asm
                    GECIK   0x000040    program     static C:\mikro\Yeni klasör\deney3\deney3.asm
                      DON   0x000042    program     static C:\mikro\Yeni klasör\deney3\deney3.asm
                     DON1   0x000044    program     static C:\mikro\Yeni klasör\deney3\deney3.asm


