MPLINK 4.40, Linker
Linker Map File - Created Fri Oct 28 17:00:00 2011

                                 Section Info
                  Section       Type    Address   Location Size(Bytes)
                ---------  ---------  ---------  ---------  ---------
                   .org_0       code   0x000000    program   0x000002
                   .cinit    romdata   0x000001    program   0x000004
                   .org_1       code   0x000004    program   0x000050
      .config_2007_TMR2.O       code   0x002007    program   0x000002



                              Program Memory Usage 
                               Start         End      
                           ---------   ---------      
                            0x000000    0x000002      
                            0x000004    0x00002b      
                            0x002007    0x002007      
            44 out of 8454 program addresses used, program memory utilization is 0%



                              Symbols - Sorted by Name
                     Name    Address   Location    Storage File                     
                ---------  ---------  ---------  --------- ---------                
              ANA_PROGRAM   0x000018    program     static D:\Projeler\timer2\TMR2.asm
                     ATLA   0x000009    program     static D:\Projeler\timer2\TMR2.asm
                    BÝTÝR   0x000015    program     static D:\Projeler\timer2\TMR2.asm
                    DONGU   0x00002b    program     static D:\Projeler\timer2\TMR2.asm
                    KESME   0x000004    program     static D:\Projeler\timer2\TMR2.asm
              KESME_BÝTÝR   0x000017    program     static D:\Projeler\timer2\TMR2.asm
                    ÝSLEM   0x00000f    program     static D:\Projeler\timer2\TMR2.asm



                              Symbols - Sorted by Address
                     Name    Address   Location    Storage File                     
                ---------  ---------  ---------  --------- ---------                
                    KESME   0x000004    program     static D:\Projeler\timer2\TMR2.asm
                     ATLA   0x000009    program     static D:\Projeler\timer2\TMR2.asm
                    ÝSLEM   0x00000f    program     static D:\Projeler\timer2\TMR2.asm
                    BÝTÝR   0x000015    program     static D:\Projeler\timer2\TMR2.asm
              KESME_BÝTÝR   0x000017    program     static D:\Projeler\timer2\TMR2.asm
              ANA_PROGRAM   0x000018    program     static D:\Projeler\timer2\TMR2.asm
                    DONGU   0x00002b    program     static D:\Projeler\timer2\TMR2.asm


