MPLINK 4.40, Linker
Linker Map File - Created Sun Dec 30 01:35:52 2012

                                 Section Info
                  Section       Type    Address   Location Size(Bytes)
                ---------  ---------  ---------  ---------  ---------
                   .org_0       code   0x000000    program   0x000000
                   .org_1       code   0x000000    program   0x000002
                   .org_2       code   0x000004    program   0x000088



                              Program Memory Usage 
                               Start         End      
                           ---------   ---------      
                            0x000000    0x000000      
                            0x000004    0x000047      
            69 out of 8454 program addresses used, program memory utilization is 0%



                              Symbols - Sorted by Name
                     Name    Address   Location    Storage File                     
                ---------  ---------  ---------  --------- ---------                
                      ANA   0x00002d    program     static C:\mikro\ödev\rb0dspsay\say.asm
                      DON   0x000026    program     static C:\mikro\ödev\rb0dspsay\say.asm
                     DON1   0x000028    program     static C:\mikro\ödev\rb0dspsay\say.asm
                    DONGU   0x000047    program     static C:\mikro\ödev\rb0dspsay\say.asm
                    GECIK   0x000024    program     static C:\mikro\ödev\rb0dspsay\say.asm
                    KESME   0x000005    program     static C:\mikro\ödev\rb0dspsay\say.asm
                    TABLO   0x000017    program     static C:\mikro\ödev\rb0dspsay\say.asm



                              Symbols - Sorted by Address
                     Name    Address   Location    Storage File                     
                ---------  ---------  ---------  --------- ---------                
                    KESME   0x000005    program     static C:\mikro\ödev\rb0dspsay\say.asm
                    TABLO   0x000017    program     static C:\mikro\ödev\rb0dspsay\say.asm
                    GECIK   0x000024    program     static C:\mikro\ödev\rb0dspsay\say.asm
                      DON   0x000026    program     static C:\mikro\ödev\rb0dspsay\say.asm
                     DON1   0x000028    program     static C:\mikro\ödev\rb0dspsay\say.asm
                      ANA   0x00002d    program     static C:\mikro\ödev\rb0dspsay\say.asm
                    DONGU   0x000047    program     static C:\mikro\ödev\rb0dspsay\say.asm


