MPLINK 4.40, Linker
Linker Map File - Created Mon Dec 03 05:58:39 2012

                                 Section Info
                  Section       Type    Address   Location Size(Bytes)
                ---------  ---------  ---------  ---------  ---------
                   .org_0       code   0x000000    program   0x000000
                   .org_1       code   0x000000    program   0x000002
                   .org_2       code   0x000004    program   0x00006a



                              Program Memory Usage 
                               Start         End      
                           ---------   ---------      
                            0x000000    0x000000      
                            0x000004    0x000038      
            54 out of 8454 program addresses used, program memory utilization is 0%



                              Symbols - Sorted by Name
                     Name    Address   Location    Storage File                     
                ---------  ---------  ---------  --------- ---------                
                      ANA   0x000006    program     static C:\Users\Tuba\Desktop\masa\yenimm\deney1gece\deney1.asm
                    ARTIR   0x000022    program     static C:\Users\Tuba\Desktop\masa\yenimm\deney1gece\deney1.asm
                    AZALT   0x000027    program     static C:\Users\Tuba\Desktop\masa\yenimm\deney1gece\deney1.asm
                      DON   0x000030    program     static C:\Users\Tuba\Desktop\masa\yenimm\deney1gece\deney1.asm
                     DON2   0x000034    program     static C:\Users\Tuba\Desktop\masa\yenimm\deney1gece\deney1.asm
                    DONGU   0x00001d    program     static C:\Users\Tuba\Desktop\masa\yenimm\deney1gece\deney1.asm
                    GECIK   0x00002c    program     static C:\Users\Tuba\Desktop\masa\yenimm\deney1gece\deney1.asm
                    KESME   0x000005    program     static C:\Users\Tuba\Desktop\masa\yenimm\deney1gece\deney1.asm



                              Symbols - Sorted by Address
                     Name    Address   Location    Storage File                     
                ---------  ---------  ---------  --------- ---------                
                    KESME   0x000005    program     static C:\Users\Tuba\Desktop\masa\yenimm\deney1gece\deney1.asm
                      ANA   0x000006    program     static C:\Users\Tuba\Desktop\masa\yenimm\deney1gece\deney1.asm
                    DONGU   0x00001d    program     static C:\Users\Tuba\Desktop\masa\yenimm\deney1gece\deney1.asm
                    ARTIR   0x000022    program     static C:\Users\Tuba\Desktop\masa\yenimm\deney1gece\deney1.asm
                    AZALT   0x000027    program     static C:\Users\Tuba\Desktop\masa\yenimm\deney1gece\deney1.asm
                    GECIK   0x00002c    program     static C:\Users\Tuba\Desktop\masa\yenimm\deney1gece\deney1.asm
                      DON   0x000030    program     static C:\Users\Tuba\Desktop\masa\yenimm\deney1gece\deney1.asm
                     DON2   0x000034    program     static C:\Users\Tuba\Desktop\masa\yenimm\deney1gece\deney1.asm


