MPLINK 4.40, Linker
Linker Map File - Created Tue Jan 24 05:24:44 2012

                                 Section Info
                  Section       Type    Address   Location Size(Bytes)
                ---------  ---------  ---------  ---------  ---------
                   .org_0       code   0x000000    program   0x000000
                   .org_1       code   0x000000    program   0x000002
                   .org_2       code   0x000004    program   0x000080



                              Program Memory Usage 
                               Start         End      
                           ---------   ---------      
                            0x000000    0x000000      
                            0x000004    0x000043      
            65 out of 8454 program addresses used, program memory utilization is 0%



                              Symbols - Sorted by Name
                     Name    Address   Location    Storage File                     
                ---------  ---------  ---------  --------- ---------                
                      ANA   0x00001a    program     static C:\Users\hp\Desktop\but\pwm\pwm.asm
                      BES   0x00000f    program     static C:\Users\hp\Desktop\but\pwm\pwm.asm
                    DONGU   0x000043    program     static C:\Users\hp\Desktop\but\pwm\pwm.asm
                    KESME   0x000004    program     static C:\Users\hp\Desktop\but\pwm\pwm.asm
                      SON   0x000018    program     static C:\Users\hp\Desktop\but\pwm\pwm.asm



                              Symbols - Sorted by Address
                     Name    Address   Location    Storage File                     
                ---------  ---------  ---------  --------- ---------                
                    KESME   0x000004    program     static C:\Users\hp\Desktop\but\pwm\pwm.asm
                      BES   0x00000f    program     static C:\Users\hp\Desktop\but\pwm\pwm.asm
                      SON   0x000018    program     static C:\Users\hp\Desktop\but\pwm\pwm.asm
                      ANA   0x00001a    program     static C:\Users\hp\Desktop\but\pwm\pwm.asm
                    DONGU   0x000043    program     static C:\Users\hp\Desktop\but\pwm\pwm.asm


