MPLINK 4.40, Linker
Linker Map File - Created Sat Dec 29 17:14:35 2012

                                 Section Info
                  Section       Type    Address   Location Size(Bytes)
                ---------  ---------  ---------  ---------  ---------
                   .org_0       code   0x000000    program   0x000000
                   .org_1       code   0x000000    program   0x000002
                   .org_2       code   0x000004    program   0x0000c2



                              Program Memory Usage 
                               Start         End      
                           ---------   ---------      
                            0x000000    0x000000      
                            0x000004    0x000064      
            98 out of 8454 program addresses used, program memory utilization is 1%



                              Symbols - Sorted by Name
                     Name    Address   Location    Storage File                     
                ---------  ---------  ---------  --------- ---------                
                      ANA   0x000006    program     static C:\mikro\ödev\FSR\FSR.asm
                      DON   0x00005e    program     static C:\mikro\ödev\FSR\FSR.asm
                     DON1   0x000060    program     static C:\mikro\ödev\FSR\FSR.asm
                     DON2   0x000010    program     static C:\mikro\ödev\FSR\FSR.asm
                     DON3   0x00001d    program     static C:\mikro\ödev\FSR\FSR.asm
                     DON4   0x00001e    program     static C:\mikro\ödev\FSR\FSR.asm
                    DONGU   0x00002b    program     static C:\mikro\ödev\FSR\FSR.asm
                    GECIK   0x00005c    program     static C:\mikro\ödev\FSR\FSR.asm
             IKINCI_SATIR   0x00003f    program     static C:\mikro\ödev\FSR\FSR.asm
          KARAKTER_GONDER   0x000055    program     static C:\mikro\ödev\FSR\FSR.asm
             KARAKTER_YAZ   0x00004f    program     static C:\mikro\ödev\FSR\FSR.asm
                    KESME   0x000005    program     static C:\mikro\ödev\FSR\FSR.asm
             KOMUT_GONDER   0x000048    program     static C:\mikro\ödev\FSR\FSR.asm
                KOMUT_YAZ   0x000042    program     static C:\mikro\ödev\FSR\FSR.asm
              LCD_HAZIRLA   0x00002c    program     static C:\mikro\ödev\FSR\FSR.asm
                    TABLO   0x000035    program     static C:\mikro\ödev\FSR\FSR.asm



                              Symbols - Sorted by Address
                     Name    Address   Location    Storage File                     
                ---------  ---------  ---------  --------- ---------                
                    KESME   0x000005    program     static C:\mikro\ödev\FSR\FSR.asm
                      ANA   0x000006    program     static C:\mikro\ödev\FSR\FSR.asm
                     DON2   0x000010    program     static C:\mikro\ödev\FSR\FSR.asm
                     DON3   0x00001d    program     static C:\mikro\ödev\FSR\FSR.asm
                     DON4   0x00001e    program     static C:\mikro\ödev\FSR\FSR.asm
                    DONGU   0x00002b    program     static C:\mikro\ödev\FSR\FSR.asm
              LCD_HAZIRLA   0x00002c    program     static C:\mikro\ödev\FSR\FSR.asm
                    TABLO   0x000035    program     static C:\mikro\ödev\FSR\FSR.asm
             IKINCI_SATIR   0x00003f    program     static C:\mikro\ödev\FSR\FSR.asm
                KOMUT_YAZ   0x000042    program     static C:\mikro\ödev\FSR\FSR.asm
             KOMUT_GONDER   0x000048    program     static C:\mikro\ödev\FSR\FSR.asm
             KARAKTER_YAZ   0x00004f    program     static C:\mikro\ödev\FSR\FSR.asm
          KARAKTER_GONDER   0x000055    program     static C:\mikro\ödev\FSR\FSR.asm
                    GECIK   0x00005c    program     static C:\mikro\ödev\FSR\FSR.asm
                      DON   0x00005e    program     static C:\mikro\ödev\FSR\FSR.asm
                     DON1   0x000060    program     static C:\mikro\ödev\FSR\FSR.asm


