MPLINK 4.40, Linker
Linker Map File - Created Sun Dec 30 00:34:00 2012

                                 Section Info
                  Section       Type    Address   Location Size(Bytes)
                ---------  ---------  ---------  ---------  ---------
                   .org_0       code   0x000000    program   0x000000
                   .org_1       code   0x000000    program   0x000002
                   .org_2       code   0x000004    program   0x0000d2



                              Program Memory Usage 
                               Start         End      
                           ---------   ---------      
                            0x000000    0x000000      
                            0x000004    0x00006c      
            106 out of 8454 program addresses used, program memory utilization is 1%



                              Symbols - Sorted by Name
                     Name    Address   Location    Storage File                     
                ---------  ---------  ---------  --------- ---------                
                      ANA   0x00002f    program     static C:\mikro\ödev\rblidisp\rb.asm
                      DON   0x000028    program     static C:\mikro\ödev\rblidisp\rb.asm
                     DON1   0x00002a    program     static C:\mikro\ödev\rblidisp\rb.asm
                    DONGU   0x000052    program     static C:\mikro\ödev\rblidisp\rb.asm
                    GECIK   0x000026    program     static C:\mikro\ödev\rblidisp\rb.asm
                    KESME   0x000005    program     static C:\mikro\ödev\rblidisp\rb.asm
                    TABLO   0x000021    program     static C:\mikro\ödev\rblidisp\rb.asm
                    YAZ23   0x00000d    program     static C:\mikro\ödev\rblidisp\rb.asm
                    YAZ40   0x000017    program     static C:\mikro\ödev\rblidisp\rb.asm



                              Symbols - Sorted by Address
                     Name    Address   Location    Storage File                     
                ---------  ---------  ---------  --------- ---------                
                    KESME   0x000005    program     static C:\mikro\ödev\rblidisp\rb.asm
                    YAZ23   0x00000d    program     static C:\mikro\ödev\rblidisp\rb.asm
                    YAZ40   0x000017    program     static C:\mikro\ödev\rblidisp\rb.asm
                    TABLO   0x000021    program     static C:\mikro\ödev\rblidisp\rb.asm
                    GECIK   0x000026    program     static C:\mikro\ödev\rblidisp\rb.asm
                      DON   0x000028    program     static C:\mikro\ödev\rblidisp\rb.asm
                     DON1   0x00002a    program     static C:\mikro\ödev\rblidisp\rb.asm
                      ANA   0x00002f    program     static C:\mikro\ödev\rblidisp\rb.asm
                    DONGU   0x000052    program     static C:\mikro\ödev\rblidisp\rb.asm


