MPLINK 4.40, Linker
Linker Map File - Created Tue Jan 24 06:38:13 2012

                                 Section Info
                  Section       Type    Address   Location Size(Bytes)
                ---------  ---------  ---------  ---------  ---------
                   .org_0       code   0x000000    program   0x000000
                   .org_1       code   0x000000    program   0x000002
                   .org_2       code   0x000004    program   0x000080



                              Program Memory Usage 
                               Start         End      
                           ---------   ---------      
                            0x000000    0x000000      
                            0x000004    0x000043      
            65 out of 8454 program addresses used, program memory utilization is 0%



                              Symbols - Sorted by Name
                     Name    Address   Location    Storage File                     
                ---------  ---------  ---------  --------- ---------                
                      ANA   0x000010    program     static C:\Users\hp\Desktop\but\geri10\geri10.asm
                      DON   0x00003d    program     static C:\Users\hp\Desktop\but\geri10\geri10.asm
                     DON1   0x00003f    program     static C:\Users\hp\Desktop\but\geri10\geri10.asm
                    DONGU   0x000023    program     static C:\Users\hp\Desktop\but\geri10\geri10.asm
                    GECIK   0x00003b    program     static C:\Users\hp\Desktop\but\geri10\geri10.asm
                    KESME   0x000004    program     static C:\Users\hp\Desktop\but\geri10\geri10.asm
                    TABLO   0x000005    program     static C:\Users\hp\Desktop\but\geri10\geri10.asm



                              Symbols - Sorted by Address
                     Name    Address   Location    Storage File                     
                ---------  ---------  ---------  --------- ---------                
                    KESME   0x000004    program     static C:\Users\hp\Desktop\but\geri10\geri10.asm
                    TABLO   0x000005    program     static C:\Users\hp\Desktop\but\geri10\geri10.asm
                      ANA   0x000010    program     static C:\Users\hp\Desktop\but\geri10\geri10.asm
                    DONGU   0x000023    program     static C:\Users\hp\Desktop\but\geri10\geri10.asm
                    GECIK   0x00003b    program     static C:\Users\hp\Desktop\but\geri10\geri10.asm
                      DON   0x00003d    program     static C:\Users\hp\Desktop\but\geri10\geri10.asm
                     DON1   0x00003f    program     static C:\Users\hp\Desktop\but\geri10\geri10.asm


