MPLINK 4.40, Linker
Linker Map File - Created Tue Oct 23 01:32:55 2012

                                 Section Info
                  Section       Type    Address   Location Size(Bytes)
                ---------  ---------  ---------  ---------  ---------
                   .org_0       code   0x000000    program   0x000000
                   .org_1       code   0x000000    program   0x000002
                   .org_2       code   0x000004    program   0x0000bc



                              Program Memory Usage 
                               Start         End      
                           ---------   ---------      
                            0x000000    0x000000      
                            0x000004    0x000061      
            95 out of 8454 program addresses used, program memory utilization is 1%



                              Symbols - Sorted by Name
                     Name    Address   Location    Storage File                     
                ---------  ---------  ---------  --------- ---------                
                    DONGU   0x000061    program     static C:\Users\TUBA\Desktop\ÖDEV2SON\ödev.asm
                 KONTROL1   0x00001c    program     static C:\Users\TUBA\Desktop\ÖDEV2SON\ödev.asm
                     YAK0   0x000016    program     static C:\Users\TUBA\Desktop\ÖDEV2SON\ödev.asm
                     YAK1   0x000031    program     static C:\Users\TUBA\Desktop\ÖDEV2SON\ödev.asm
                      ana   0x000037    program     static C:\Users\TUBA\Desktop\ÖDEV2SON\ödev.asm
                    kesme   0x000005    program     static C:\Users\TUBA\Desktop\ÖDEV2SON\ödev.asm



                              Symbols - Sorted by Address
                     Name    Address   Location    Storage File                     
                ---------  ---------  ---------  --------- ---------                
                    kesme   0x000005    program     static C:\Users\TUBA\Desktop\ÖDEV2SON\ödev.asm
                     YAK0   0x000016    program     static C:\Users\TUBA\Desktop\ÖDEV2SON\ödev.asm
                 KONTROL1   0x00001c    program     static C:\Users\TUBA\Desktop\ÖDEV2SON\ödev.asm
                     YAK1   0x000031    program     static C:\Users\TUBA\Desktop\ÖDEV2SON\ödev.asm
                      ana   0x000037    program     static C:\Users\TUBA\Desktop\ÖDEV2SON\ödev.asm
                    DONGU   0x000061    program     static C:\Users\TUBA\Desktop\ÖDEV2SON\ödev.asm


