MPLINK 4.40, Linker
Linker Map File - Created Tue Nov 06 14:02:24 2012

                                 Section Info
                  Section       Type    Address   Location Size(Bytes)
                ---------  ---------  ---------  ---------  ---------
                   .org_0       code   0x000000    program   0x000000
                   .org_1       code   0x000000    program   0x000002
                   .org_2       code   0x000004    program   0x000082



                              Program Memory Usage 
                               Start         End      
                           ---------   ---------      
                            0x000000    0x000000      
                            0x000004    0x000044      
            66 out of 8454 program addresses used, program memory utilization is 0%



                              Symbols - Sorted by Name
                     Name    Address   Location    Storage File                     
                ---------  ---------  ---------  --------- ---------                
                    ARTIR   0x00002e    program     static C:\Users\TUBA\Desktop\yenimm\deney3\kesmeolmadan\OLSUN\dny.asm
                    AZALT   0x000035    program     static C:\Users\TUBA\Desktop\yenimm\deney3\kesmeolmadan\OLSUN\dny.asm
                     DON1   0x00003e    program     static C:\Users\TUBA\Desktop\yenimm\deney3\kesmeolmadan\OLSUN\dny.asm
                     DON2   0x000040    program     static C:\Users\TUBA\Desktop\yenimm\deney3\kesmeolmadan\OLSUN\dny.asm
                    DONGU   0x000027    program     static C:\Users\TUBA\Desktop\yenimm\deney3\kesmeolmadan\OLSUN\dny.asm
                    GECIK   0x00003c    program     static C:\Users\TUBA\Desktop\yenimm\deney3\kesmeolmadan\OLSUN\dny.asm
                      ana   0x000006    program     static C:\Users\TUBA\Desktop\yenimm\deney3\kesmeolmadan\OLSUN\dny.asm
                    kesme   0x000005    program     static C:\Users\TUBA\Desktop\yenimm\deney3\kesmeolmadan\OLSUN\dny.asm



                              Symbols - Sorted by Address
                     Name    Address   Location    Storage File                     
                ---------  ---------  ---------  --------- ---------                
                    kesme   0x000005    program     static C:\Users\TUBA\Desktop\yenimm\deney3\kesmeolmadan\OLSUN\dny.asm
                      ana   0x000006    program     static C:\Users\TUBA\Desktop\yenimm\deney3\kesmeolmadan\OLSUN\dny.asm
                    DONGU   0x000027    program     static C:\Users\TUBA\Desktop\yenimm\deney3\kesmeolmadan\OLSUN\dny.asm
                    ARTIR   0x00002e    program     static C:\Users\TUBA\Desktop\yenimm\deney3\kesmeolmadan\OLSUN\dny.asm
                    AZALT   0x000035    program     static C:\Users\TUBA\Desktop\yenimm\deney3\kesmeolmadan\OLSUN\dny.asm
                    GECIK   0x00003c    program     static C:\Users\TUBA\Desktop\yenimm\deney3\kesmeolmadan\OLSUN\dny.asm
                     DON1   0x00003e    program     static C:\Users\TUBA\Desktop\yenimm\deney3\kesmeolmadan\OLSUN\dny.asm
                     DON2   0x000040    program     static C:\Users\TUBA\Desktop\yenimm\deney3\kesmeolmadan\OLSUN\dny.asm


