MPLINK 4.40, Linker
Linker Map File - Created Wed Jan 25 09:44:24 2012

                                 Section Info
                  Section       Type    Address   Location Size(Bytes)
                ---------  ---------  ---------  ---------  ---------
                   .org_0       code   0x000000    program   0x000000
                   .org_1       code   0x000000    program   0x000002
                   .org_2       code   0x000004    program   0x000052



                              Program Memory Usage 
                               Start         End      
                           ---------   ---------      
                            0x000000    0x000000      
                            0x000004    0x00002c      
            42 out of 8454 program addresses used, program memory utilization is 0%



                              Symbols - Sorted by Name
                     Name    Address   Location    Storage File                     
                ---------  ---------  ---------  --------- ---------                
                     ALTI   0x000014    program     static C:\Users\hp\Desktop\but\SINAV\SINAV.asm
                      ANA   0x000024    program     static C:\Users\hp\Desktop\but\SINAV\SINAV.asm
                      BES   0x00000d    program     static C:\Users\hp\Desktop\but\SINAV\SINAV.asm
                    DONGU   0x00002c    program     static C:\Users\hp\Desktop\but\SINAV\SINAV.asm
                    KESME   0x000004    program     static C:\Users\hp\Desktop\but\SINAV\SINAV.asm
                      SON   0x000022    program     static C:\Users\hp\Desktop\but\SINAV\SINAV.asm
                     YEDI   0x00001b    program     static C:\Users\hp\Desktop\but\SINAV\SINAV.asm



                              Symbols - Sorted by Address
                     Name    Address   Location    Storage File                     
                ---------  ---------  ---------  --------- ---------                
                    KESME   0x000004    program     static C:\Users\hp\Desktop\but\SINAV\SINAV.asm
                      BES   0x00000d    program     static C:\Users\hp\Desktop\but\SINAV\SINAV.asm
                     ALTI   0x000014    program     static C:\Users\hp\Desktop\but\SINAV\SINAV.asm
                     YEDI   0x00001b    program     static C:\Users\hp\Desktop\but\SINAV\SINAV.asm
                      SON   0x000022    program     static C:\Users\hp\Desktop\but\SINAV\SINAV.asm
                      ANA   0x000024    program     static C:\Users\hp\Desktop\but\SINAV\SINAV.asm
                    DONGU   0x00002c    program     static C:\Users\hp\Desktop\but\SINAV\SINAV.asm


