MPLINK 4.40, Linker
Linker Map File - Created Tue Dec 27 00:08:10 2011

                                 Section Info
                  Section       Type    Address   Location Size(Bytes)
                ---------  ---------  ---------  ---------  ---------
                   .org_0       code   0x000000    program   0x000000
                   .org_1       code   0x000000    program   0x000002
                   .org_2       code   0x000004    program   0x0000cc



                              Program Memory Usage 
                               Start         End      
                           ---------   ---------      
                            0x000000    0x000000      
                            0x000004    0x000069      
            103 out of 8454 program addresses used, program memory utilization is 1%



                              Symbols - Sorted by Name
                     Name    Address   Location    Storage File                     
                ---------  ---------  ---------  --------- ---------                
              Ana_Program   0x000027    program     static C:\Users\Google\Desktop\Mikro Calisma\23_Display_Sayici\Untitled.asm
                    Cikis   0x000025    program     static C:\Users\Google\Desktop\Mikro Calisma\23_Display_Sayici\Untitled.asm
                    Dongu   0x00003a    program     static C:\Users\Google\Desktop\Mikro Calisma\23_Display_Sayici\Untitled.asm
                    Kesme   0x000005    program     static C:\Users\Google\Desktop\Mikro Calisma\23_Display_Sayici\Untitled.asm
                   Lookup   0x00005f    program     static C:\Users\Google\Desktop\Mikro Calisma\23_Display_Sayici\Untitled.asm
            Tmr0_islemler   0x00000d    program     static C:\Users\Google\Desktop\Mikro Calisma\23_Display_Sayici\Untitled.asm



                              Symbols - Sorted by Address
                     Name    Address   Location    Storage File                     
                ---------  ---------  ---------  --------- ---------                
                    Kesme   0x000005    program     static C:\Users\Google\Desktop\Mikro Calisma\23_Display_Sayici\Untitled.asm
            Tmr0_islemler   0x00000d    program     static C:\Users\Google\Desktop\Mikro Calisma\23_Display_Sayici\Untitled.asm
                    Cikis   0x000025    program     static C:\Users\Google\Desktop\Mikro Calisma\23_Display_Sayici\Untitled.asm
              Ana_Program   0x000027    program     static C:\Users\Google\Desktop\Mikro Calisma\23_Display_Sayici\Untitled.asm
                    Dongu   0x00003a    program     static C:\Users\Google\Desktop\Mikro Calisma\23_Display_Sayici\Untitled.asm
                   Lookup   0x00005f    program     static C:\Users\Google\Desktop\Mikro Calisma\23_Display_Sayici\Untitled.asm


