MPLINK 4.40, Linker
Linker Map File - Created Tue Jan 01 23:39:16 2013

                                 Section Info
                  Section       Type    Address   Location Size(Bytes)
                ---------  ---------  ---------  ---------  ---------
                   .org_0       code   0x000000    program   0x000002
                   .cinit    romdata   0x000001    program   0x000004
                   .org_1       code   0x000004    program   0x000036



                              Program Memory Usage 
                               Start         End      
                           ---------   ---------      
                            0x000000    0x000002      
                            0x000004    0x00001e      
            30 out of 8454 program addresses used, program memory utilization is 0%



                              Symbols - Sorted by Name
                     Name    Address   Location    Storage File                     
                ---------  ---------  ---------  --------- ---------                
               ANAPROGRAM   0x00000e    program     static D:\hazirlik\timer0\timer0.asm
                    KESME   0x000004    program     static D:\hazirlik\timer0\timer0.asm
                LED_YAKMA   0x000009    program     static D:\hazirlik\timer0\timer0.asm
                    dongu   0x00001e    program     static D:\hazirlik\timer0\timer0.asm



                              Symbols - Sorted by Address
                     Name    Address   Location    Storage File                     
                ---------  ---------  ---------  --------- ---------                
                    KESME   0x000004    program     static D:\hazirlik\timer0\timer0.asm
                LED_YAKMA   0x000009    program     static D:\hazirlik\timer0\timer0.asm
               ANAPROGRAM   0x00000e    program     static D:\hazirlik\timer0\timer0.asm
                    dongu   0x00001e    program     static D:\hazirlik\timer0\timer0.asm


