MPLINK 4.40, Linker
Linker Map File - Created Tue Jan 24 04:46:39 2012

                                 Section Info
                  Section       Type    Address   Location Size(Bytes)
                ---------  ---------  ---------  ---------  ---------
                   .org_0       code   0x000000    program   0x000000
                   .org_1       code   0x000000    program   0x000002
                   .org_2       code   0x000004    program   0x00004a



                              Program Memory Usage 
                               Start         End      
                           ---------   ---------      
                            0x000000    0x000000      
                            0x000004    0x000028      
            38 out of 8454 program addresses used, program memory utilization is 0%



                              Symbols - Sorted by Name
                     Name    Address   Location    Storage File                     
                ---------  ---------  ---------  --------- ---------                
                      ANA   0x000008    program     static C:\Users\hp\Desktop\but\seksenyaz\seksen.asm
                    DONGU   0x000016    program     static C:\Users\hp\Desktop\but\seksenyaz\seksen.asm
                    KESME   0x000004    program     static C:\Users\hp\Desktop\but\seksenyaz\seksen.asm
                    TABLO   0x000005    program     static C:\Users\hp\Desktop\but\seksenyaz\seksen.asm



                              Symbols - Sorted by Address
                     Name    Address   Location    Storage File                     
                ---------  ---------  ---------  --------- ---------                
                    KESME   0x000004    program     static C:\Users\hp\Desktop\but\seksenyaz\seksen.asm
                    TABLO   0x000005    program     static C:\Users\hp\Desktop\but\seksenyaz\seksen.asm
                      ANA   0x000008    program     static C:\Users\hp\Desktop\but\seksenyaz\seksen.asm
                    DONGU   0x000016    program     static C:\Users\hp\Desktop\but\seksenyaz\seksen.asm


