MPLINK 4.40, Linker
Linker Map File - Created Tue Dec 27 18:14:11 2011

                                 Section Info
                  Section       Type    Address   Location Size(Bytes)
                ---------  ---------  ---------  ---------  ---------
                   .org_0       code   0x000000    program   0x000000
                   .org_1       code   0x000000    program   0x000002
                   .org_2       code   0x000004    program   0x000022



                              Program Memory Usage 
                               Start         End      
                           ---------   ---------      
                            0x000000    0x000000      
                            0x000004    0x000014      
            18 out of 8454 program addresses used, program memory utilization is 0%



                              Symbols - Sorted by Name
                     Name    Address   Location    Storage File                     
                ---------  ---------  ---------  --------- ---------                
              Ana_Program   0x000005    program     static C:\Users\Google\Desktop\Mikro Calisma\26_Teklerin_Sorusu\Untitled.asm
                    Dongu   0x00000a    program     static C:\Users\Google\Desktop\Mikro Calisma\26_Teklerin_Sorusu\Untitled.asm
                    Kesme   0x000004    program     static C:\Users\Google\Desktop\Mikro Calisma\26_Teklerin_Sorusu\Untitled.asm



                              Symbols - Sorted by Address
                     Name    Address   Location    Storage File                     
                ---------  ---------  ---------  --------- ---------                
                    Kesme   0x000004    program     static C:\Users\Google\Desktop\Mikro Calisma\26_Teklerin_Sorusu\Untitled.asm
              Ana_Program   0x000005    program     static C:\Users\Google\Desktop\Mikro Calisma\26_Teklerin_Sorusu\Untitled.asm
                    Dongu   0x00000a    program     static C:\Users\Google\Desktop\Mikro Calisma\26_Teklerin_Sorusu\Untitled.asm


