MPLINK 4.40, Linker
Linker Map File - Created Tue Dec 27 00:04:01 2011

                                 Section Info
                  Section       Type    Address   Location Size(Bytes)
                ---------  ---------  ---------  ---------  ---------
                   .org_0       code   0x000000    program   0x000000
                   .org_1       code   0x000000    program   0x000002
                   .org_2       code   0x000004    program   0x000074



                              Program Memory Usage 
                               Start         End      
                           ---------   ---------      
                            0x000000    0x000000      
                            0x000004    0x00003d      
            59 out of 8454 program addresses used, program memory utilization is 0%



                              Symbols - Sorted by Name
                     Name    Address   Location    Storage File                     
                ---------  ---------  ---------  --------- ---------                
              Ana_Program   0x000018    program     static C:\Users\Google\Desktop\Mikro Calisma\22_Timer1_Display_Sayici(Orhan)\Untitled.asm
                    Dongu   0x00002f    program     static C:\Users\Google\Desktop\Mikro Calisma\22_Timer1_Display_Sayici(Orhan)\Untitled.asm
                    Kesme   0x000005    program     static C:\Users\Google\Desktop\Mikro Calisma\22_Timer1_Display_Sayici(Orhan)\Untitled.asm
                   Lookup   0x000030    program     static C:\Users\Google\Desktop\Mikro Calisma\22_Timer1_Display_Sayici(Orhan)\Untitled.asm
             TMR1_Kontrol   0x000008    program     static C:\Users\Google\Desktop\Mikro Calisma\22_Timer1_Display_Sayici(Orhan)\Untitled.asm
            TMR1_islemler   0x00000b    program     static C:\Users\Google\Desktop\Mikro Calisma\22_Timer1_Display_Sayici(Orhan)\Untitled.asm
             Tus_islemler   0x000014    program     static C:\Users\Google\Desktop\Mikro Calisma\22_Timer1_Display_Sayici(Orhan)\Untitled.asm



                              Symbols - Sorted by Address
                     Name    Address   Location    Storage File                     
                ---------  ---------  ---------  --------- ---------                
                    Kesme   0x000005    program     static C:\Users\Google\Desktop\Mikro Calisma\22_Timer1_Display_Sayici(Orhan)\Untitled.asm
             TMR1_Kontrol   0x000008    program     static C:\Users\Google\Desktop\Mikro Calisma\22_Timer1_Display_Sayici(Orhan)\Untitled.asm
            TMR1_islemler   0x00000b    program     static C:\Users\Google\Desktop\Mikro Calisma\22_Timer1_Display_Sayici(Orhan)\Untitled.asm
             Tus_islemler   0x000014    program     static C:\Users\Google\Desktop\Mikro Calisma\22_Timer1_Display_Sayici(Orhan)\Untitled.asm
              Ana_Program   0x000018    program     static C:\Users\Google\Desktop\Mikro Calisma\22_Timer1_Display_Sayici(Orhan)\Untitled.asm
                    Dongu   0x00002f    program     static C:\Users\Google\Desktop\Mikro Calisma\22_Timer1_Display_Sayici(Orhan)\Untitled.asm
                   Lookup   0x000030    program     static C:\Users\Google\Desktop\Mikro Calisma\22_Timer1_Display_Sayici(Orhan)\Untitled.asm


