MPLINK 4.37, Linker
Linker Map File - Created Tue Dec 28 13:52:39 2010

                                 Section Info
                  Section       Type    Address   Location Size(Bytes)
                ---------  ---------  ---------  ---------  ---------
                   .org_0       code   0x000000    program   0x000000
                   .org_1       code   0x000000    program   0x000002
                   .org_2       code   0x000004    program   0x000048



                              Program Memory Usage 
                               Start         End      
                           ---------   ---------      
                            0x000000    0x000000      
                            0x000004    0x000027      
            37 out of 8453 program addresses used, program memory utilization is 0%



                              Symbols - Sorted by Name
                     Name    Address   Location    Storage File                     
                ---------  ---------  ---------  --------- ---------                
                      ANA   0x000005    program     static C:\Users\Google\Desktop\Mikro\12_Abd_Kesme\Abd_Kesme.asm
                   DONGU0   0x00001e    program     static C:\Users\Google\Desktop\Mikro\12_Abd_Kesme\Abd_Kesme.asm
                   DONGU1   0x000020    program     static C:\Users\Google\Desktop\Mikro\12_Abd_Kesme\Abd_Kesme.asm
                   DONGU2   0x000021    program     static C:\Users\Google\Desktop\Mikro\12_Abd_Kesme\Abd_Kesme.asm
                    GECIK   0x00001d    program     static C:\Users\Google\Desktop\Mikro\12_Abd_Kesme\Abd_Kesme.asm
                    KESME   0x000014    program     static C:\Users\Google\Desktop\Mikro\12_Abd_Kesme\Abd_Kesme.asm



                              Symbols - Sorted by Address
                     Name    Address   Location    Storage File                     
                ---------  ---------  ---------  --------- ---------                
                      ANA   0x000005    program     static C:\Users\Google\Desktop\Mikro\12_Abd_Kesme\Abd_Kesme.asm
                    KESME   0x000014    program     static C:\Users\Google\Desktop\Mikro\12_Abd_Kesme\Abd_Kesme.asm
                    GECIK   0x00001d    program     static C:\Users\Google\Desktop\Mikro\12_Abd_Kesme\Abd_Kesme.asm
                   DONGU0   0x00001e    program     static C:\Users\Google\Desktop\Mikro\12_Abd_Kesme\Abd_Kesme.asm
                   DONGU1   0x000020    program     static C:\Users\Google\Desktop\Mikro\12_Abd_Kesme\Abd_Kesme.asm
                   DONGU2   0x000021    program     static C:\Users\Google\Desktop\Mikro\12_Abd_Kesme\Abd_Kesme.asm


