MPLINK 4.40, Linker
Linker Map File - Created Wed Jan 25 03:11:27 2012

                                 Section Info
                  Section       Type    Address   Location Size(Bytes)
                ---------  ---------  ---------  ---------  ---------
                   .org_0       code   0x000000    program   0x000000
                   .org_1       code   0x000000    program   0x000002
                   .org_2       code   0x000004    program   0x000096



                              Program Memory Usage 
                               Start         End      
                           ---------   ---------      
                            0x000000    0x000000      
                            0x000004    0x00004e      
            76 out of 8454 program addresses used, program memory utilization is 0%



                              Symbols - Sorted by Name
                     Name    Address   Location    Storage File                     
                ---------  ---------  ---------  --------- ---------                
                      ANA   0x00001c    program     static C:\Users\hp\Desktop\but\RB0BIKEREDESAY\SAY.asm
                     DON1   0x00003d    program     static C:\Users\hp\Desktop\but\RB0BIKEREDESAY\SAY.asm
                     DON2   0x00003f    program     static C:\Users\hp\Desktop\but\RB0BIKEREDESAY\SAY.asm
                    DONGU   0x00003a    program     static C:\Users\hp\Desktop\but\RB0BIKEREDESAY\SAY.asm
                    GECIK   0x00003b    program     static C:\Users\hp\Desktop\but\RB0BIKEREDESAY\SAY.asm
                    KESME   0x000004    program     static C:\Users\hp\Desktop\but\RB0BIKEREDESAY\SAY.asm
                    TABLO   0x000044    program     static C:\Users\hp\Desktop\but\RB0BIKEREDESAY\SAY.asm



                              Symbols - Sorted by Address
                     Name    Address   Location    Storage File                     
                ---------  ---------  ---------  --------- ---------                
                    KESME   0x000004    program     static C:\Users\hp\Desktop\but\RB0BIKEREDESAY\SAY.asm
                      ANA   0x00001c    program     static C:\Users\hp\Desktop\but\RB0BIKEREDESAY\SAY.asm
                    DONGU   0x00003a    program     static C:\Users\hp\Desktop\but\RB0BIKEREDESAY\SAY.asm
                    GECIK   0x00003b    program     static C:\Users\hp\Desktop\but\RB0BIKEREDESAY\SAY.asm
                     DON1   0x00003d    program     static C:\Users\hp\Desktop\but\RB0BIKEREDESAY\SAY.asm
                     DON2   0x00003f    program     static C:\Users\hp\Desktop\but\RB0BIKEREDESAY\SAY.asm
                    TABLO   0x000044    program     static C:\Users\hp\Desktop\but\RB0BIKEREDESAY\SAY.asm


