MPLINK 4.40, Linker
Linker Map File - Created Tue Nov 15 09:28:47 2011

                                 Section Info
                  Section       Type    Address   Location Size(Bytes)
                ---------  ---------  ---------  ---------  ---------
                   .org_0       code   0x000000    program   0x000000
                   .org_1       code   0x000000    program   0x000002
                   .org_2       code   0x000004    program   0x0000ca
 .config_2007_TUSTAKIMI.O       code   0x002007    program   0x000002



                              Program Memory Usage 
                               Start         End      
                           ---------   ---------      
                            0x000000    0x000000      
                            0x000004    0x000068      
                            0x002007    0x002007      
            103 out of 8454 program addresses used, program memory utilization is 1%



                              Symbols - Sorted by Name
                     Name    Address   Location    Storage File                     
                ---------  ---------  ---------  --------- ---------                
                        a   0x000049    program     static C:\Users\GENCO\Desktop\pic ödev\tustakimi.asm
                     alti   0x00003d    program     static C:\Users\GENCO\Desktop\pic ödev\tustakimi.asm
              ana_program   0x000058    program     static C:\Users\GENCO\Desktop\pic ödev\tustakimi.asm
                      bes   0x00003b    program     static C:\Users\GENCO\Desktop\pic ödev\tustakimi.asm
                      bir   0x000033    program     static C:\Users\GENCO\Desktop\pic ödev\tustakimi.asm
                      bol   0x00004b    program     static C:\Users\GENCO\Desktop\pic ödev\tustakimi.asm
                     carp   0x00004d    program     static C:\Users\GENCO\Desktop\pic ödev\tustakimi.asm
                    cikar   0x00004f    program     static C:\Users\GENCO\Desktop\pic ödev\tustakimi.asm
                    dokuz   0x000043    program     static C:\Users\GENCO\Desktop\pic ödev\tustakimi.asm
                    dongu   0x000068    program     static C:\Users\GENCO\Desktop\pic ödev\tustakimi.asm
                     dort   0x000039    program     static C:\Users\GENCO\Desktop\pic ödev\tustakimi.asm
                      iki   0x000035    program     static C:\Users\GENCO\Desktop\pic ödev\tustakimi.asm
                    kesme   0x000004    program     static C:\Users\GENCO\Desktop\pic ödev\tustakimi.asm
                kesmesonu   0x000052    program     static C:\Users\GENCO\Desktop\pic ödev\tustakimi.asm
                        p   0x000045    program     static C:\Users\GENCO\Desktop\pic ödev\tustakimi.asm
                    sekiz   0x000041    program     static C:\Users\GENCO\Desktop\pic ödev\tustakimi.asm
                    sifir   0x000047    program     static C:\Users\GENCO\Desktop\pic ödev\tustakimi.asm
                    topla   0x000051    program     static C:\Users\GENCO\Desktop\pic ödev\tustakimi.asm
                tustakimi   0x000007    program     static C:\Users\GENCO\Desktop\pic ödev\tustakimi.asm
                       uc   0x000037    program     static C:\Users\GENCO\Desktop\pic ödev\tustakimi.asm
                     yedi   0x00003f    program     static C:\Users\GENCO\Desktop\pic ödev\tustakimi.asm



                              Symbols - Sorted by Address
                     Name    Address   Location    Storage File                     
                ---------  ---------  ---------  --------- ---------                
                    kesme   0x000004    program     static C:\Users\GENCO\Desktop\pic ödev\tustakimi.asm
                tustakimi   0x000007    program     static C:\Users\GENCO\Desktop\pic ödev\tustakimi.asm
                      bir   0x000033    program     static C:\Users\GENCO\Desktop\pic ödev\tustakimi.asm
                      iki   0x000035    program     static C:\Users\GENCO\Desktop\pic ödev\tustakimi.asm
                       uc   0x000037    program     static C:\Users\GENCO\Desktop\pic ödev\tustakimi.asm
                     dort   0x000039    program     static C:\Users\GENCO\Desktop\pic ödev\tustakimi.asm
                      bes   0x00003b    program     static C:\Users\GENCO\Desktop\pic ödev\tustakimi.asm
                     alti   0x00003d    program     static C:\Users\GENCO\Desktop\pic ödev\tustakimi.asm
                     yedi   0x00003f    program     static C:\Users\GENCO\Desktop\pic ödev\tustakimi.asm
                    sekiz   0x000041    program     static C:\Users\GENCO\Desktop\pic ödev\tustakimi.asm
                    dokuz   0x000043    program     static C:\Users\GENCO\Desktop\pic ödev\tustakimi.asm
                        p   0x000045    program     static C:\Users\GENCO\Desktop\pic ödev\tustakimi.asm
                    sifir   0x000047    program     static C:\Users\GENCO\Desktop\pic ödev\tustakimi.asm
                        a   0x000049    program     static C:\Users\GENCO\Desktop\pic ödev\tustakimi.asm
                      bol   0x00004b    program     static C:\Users\GENCO\Desktop\pic ödev\tustakimi.asm
                     carp   0x00004d    program     static C:\Users\GENCO\Desktop\pic ödev\tustakimi.asm
                    cikar   0x00004f    program     static C:\Users\GENCO\Desktop\pic ödev\tustakimi.asm
                    topla   0x000051    program     static C:\Users\GENCO\Desktop\pic ödev\tustakimi.asm
                kesmesonu   0x000052    program     static C:\Users\GENCO\Desktop\pic ödev\tustakimi.asm
              ana_program   0x000058    program     static C:\Users\GENCO\Desktop\pic ödev\tustakimi.asm
                    dongu   0x000068    program     static C:\Users\GENCO\Desktop\pic ödev\tustakimi.asm


