MPLINK 4.40, Linker
Linker Map File - Created Tue Jan 24 10:03:16 2012

                                 Section Info
                  Section       Type    Address   Location Size(Bytes)
                ---------  ---------  ---------  ---------  ---------
                   .org_0       code   0x000000    program   0x000000
                   .org_1       code   0x000000    program   0x000002
                   .org_2       code   0x000004    program   0x00007e



                              Program Memory Usage 
                               Start         End      
                           ---------   ---------      
                            0x000000    0x000000      
                            0x000004    0x000042      
            64 out of 8454 program addresses used, program memory utilization is 0%



                              Symbols - Sorted by Name
                     Name    Address   Location    Storage File                     
                ---------  ---------  ---------  --------- ---------                
                      ANA   0x000026    program     static C:\Users\hp\Desktop\but\GECEN\GECEN.asm
                      DON   0x00001f    program     static C:\Users\hp\Desktop\but\GECEN\GECEN.asm
                     DON1   0x000021    program     static C:\Users\hp\Desktop\but\GECEN\GECEN.asm
                    DONGU   0x000042    program     static C:\Users\hp\Desktop\but\GECEN\GECEN.asm
                    GECIK   0x00001d    program     static C:\Users\hp\Desktop\but\GECEN\GECEN.asm
                    KESME   0x000004    program     static C:\Users\hp\Desktop\but\GECEN\GECEN.asm
                  KONTROL   0x000011    program     static C:\Users\hp\Desktop\but\GECEN\GECEN.asm
                      SON   0x00001b    program     static C:\Users\hp\Desktop\but\GECEN\GECEN.asm



                              Symbols - Sorted by Address
                     Name    Address   Location    Storage File                     
                ---------  ---------  ---------  --------- ---------                
                    KESME   0x000004    program     static C:\Users\hp\Desktop\but\GECEN\GECEN.asm
                  KONTROL   0x000011    program     static C:\Users\hp\Desktop\but\GECEN\GECEN.asm
                      SON   0x00001b    program     static C:\Users\hp\Desktop\but\GECEN\GECEN.asm
                    GECIK   0x00001d    program     static C:\Users\hp\Desktop\but\GECEN\GECEN.asm
                      DON   0x00001f    program     static C:\Users\hp\Desktop\but\GECEN\GECEN.asm
                     DON1   0x000021    program     static C:\Users\hp\Desktop\but\GECEN\GECEN.asm
                      ANA   0x000026    program     static C:\Users\hp\Desktop\but\GECEN\GECEN.asm
                    DONGU   0x000042    program     static C:\Users\hp\Desktop\but\GECEN\GECEN.asm


