MPLINK 4.35, Linker
Linker Map File - Created Sun Nov 11 11:00:27 2012

                                 Section Info
                  Section       Type    Address   Location Size(Bytes)
                ---------  ---------  ---------  ---------  ---------
                   .org_0       code   0x000000    program   0x000134
                   .cinit    romdata   0x00009a    program   0x000004



                              Program Memory Usage 
                               Start         End      
                           ---------   ---------      
                            0x000000    0x00009b      
            156 out of 8453 program addresses used, program memory utilization is 1%



                              Symbols - Sorted by Name
                     Name    Address   Location    Storage File                     
                ---------  ---------  ---------  --------- ---------                
                 Delay100   0x000071    program     static E:\esen\lcd\lcd.asm      
                  Delay20   0x000075    program     static E:\esen\lcd\lcd.asm      
                 Delay255   0x00006f    program     static E:\esen\lcd\lcd.asm      
                   Delay5   0x000077    program     static E:\esen\lcd\lcd.asm      
                  Delay50   0x000073    program     static E:\esen\lcd\lcd.asm      
                  Delay_0   0x00007d    program     static E:\esen\lcd\lcd.asm      
               EndMessage   0x00001e    program     static E:\esen\lcd\lcd.asm      
                 LCD_Char   0x00004d    program     static E:\esen\lcd\lcd.asm      
                LCD_CharD   0x00004c    program     static E:\esen\lcd\lcd.asm      
                  LCD_Clr   0x00006c    program     static E:\esen\lcd\lcd.asm      
                  LCD_Cmd   0x00003f    program     static E:\esen\lcd\lcd.asm      
               LCD_CurOff   0x000069    program     static E:\esen\lcd\lcd.asm      
                LCD_CurOn   0x000066    program     static E:\esen\lcd\lcd.asm      
                 LCD_Init   0x00001f    program     static E:\esen\lcd\lcd.asm      
                LCD_Line1   0x00005a    program     static E:\esen\lcd\lcd.asm      
               LCD_Line1W   0x000060    program     static E:\esen\lcd\lcd.asm      
                LCD_Line2   0x00005d    program     static E:\esen\lcd\lcd.asm      
               LCD_Line2W   0x000063    program     static E:\esen\lcd\lcd.asm      
                  Message   0x00000a    program     static E:\esen\lcd\lcd.asm      
                 Message2   0x000016    program     static E:\esen\lcd\lcd.asm      
              NextMessage   0x000012    program     static E:\esen\lcd\lcd.asm      
                  Pulse_e   0x000084    program     static E:\esen\lcd\lcd.asm      
                   Satir1   0x000087    program     static E:\esen\lcd\lcd.asm      
                   Satir2   0x000090    program     static E:\esen\lcd\lcd.asm      
                     Stop   0x00001e    program     static E:\esen\lcd\lcd.asm      
             _.org_0_007E   0x00007e    program     static E:\esen\lcd\lcd.asm      
                       d0   0x000078    program     static E:\esen\lcd\lcd.asm      
                       d1   0x000079    program     static E:\esen\lcd\lcd.asm      



                              Symbols - Sorted by Address
                     Name    Address   Location    Storage File                     
                ---------  ---------  ---------  --------- ---------                
                  Message   0x00000a    program     static E:\esen\lcd\lcd.asm      
              NextMessage   0x000012    program     static E:\esen\lcd\lcd.asm      
                 Message2   0x000016    program     static E:\esen\lcd\lcd.asm      
                     Stop   0x00001e    program     static E:\esen\lcd\lcd.asm      
               EndMessage   0x00001e    program     static E:\esen\lcd\lcd.asm      
                 LCD_Init   0x00001f    program     static E:\esen\lcd\lcd.asm      
                  LCD_Cmd   0x00003f    program     static E:\esen\lcd\lcd.asm      
                LCD_CharD   0x00004c    program     static E:\esen\lcd\lcd.asm      
                 LCD_Char   0x00004d    program     static E:\esen\lcd\lcd.asm      
                LCD_Line1   0x00005a    program     static E:\esen\lcd\lcd.asm      
                LCD_Line2   0x00005d    program     static E:\esen\lcd\lcd.asm      
               LCD_Line1W   0x000060    program     static E:\esen\lcd\lcd.asm      
               LCD_Line2W   0x000063    program     static E:\esen\lcd\lcd.asm      
                LCD_CurOn   0x000066    program     static E:\esen\lcd\lcd.asm      
               LCD_CurOff   0x000069    program     static E:\esen\lcd\lcd.asm      
                  LCD_Clr   0x00006c    program     static E:\esen\lcd\lcd.asm      
                 Delay255   0x00006f    program     static E:\esen\lcd\lcd.asm      
                 Delay100   0x000071    program     static E:\esen\lcd\lcd.asm      
                  Delay50   0x000073    program     static E:\esen\lcd\lcd.asm      
                  Delay20   0x000075    program     static E:\esen\lcd\lcd.asm      
                   Delay5   0x000077    program     static E:\esen\lcd\lcd.asm      
                       d0   0x000078    program     static E:\esen\lcd\lcd.asm      
                       d1   0x000079    program     static E:\esen\lcd\lcd.asm      
                  Delay_0   0x00007d    program     static E:\esen\lcd\lcd.asm      
             _.org_0_007E   0x00007e    program     static E:\esen\lcd\lcd.asm      
                  Pulse_e   0x000084    program     static E:\esen\lcd\lcd.asm      
                   Satir1   0x000087    program     static E:\esen\lcd\lcd.asm      
                   Satir2   0x000090    program     static E:\esen\lcd\lcd.asm      


