MPLINK 4.40, Linker
Linker Map File - Created Mon Nov 21 11:03:52 2011

                                 Section Info
                  Section       Type    Address   Location Size(Bytes)
                ---------  ---------  ---------  ---------  ---------
                   .org_0       code   0x000000    program   0x000000
                   .org_1       code   0x000000    program   0x000002
                   .org_2       code   0x000004    program   0x0000de
  .config_2007_UNTITLED.O       code   0x002007    program   0x000002



                              Program Memory Usage 
                               Start         End      
                           ---------   ---------      
                            0x000000    0x000000      
                            0x000004    0x000072      
                            0x002007    0x002007      
            113 out of 8454 program addresses used, program memory utilization is 1%



                              Symbols - Sorted by Name
                     Name    Address   Location    Storage File                     
                ---------  ---------  ---------  --------- ---------                
              ANA_PROGRAM   0x00003f    program     static C:\Users\uluzman\Desktop\mikroproje\0-999\Untitled.asm
                 DEGER_AL   0x000025    program     static C:\Users\uluzman\Desktop\mikroproje\0-999\Untitled.asm
                    DONGU   0x000052    program     static C:\Users\uluzman\Desktop\mikroproje\0-999\Untitled.asm
                    KESME   0x000004    program     static C:\Users\uluzman\Desktop\mikroproje\0-999\Untitled.asm
          KESME_SONLANDIR   0x00003e    program     static C:\Users\uluzman\Desktop\mikroproje\0-999\Untitled.asm
                    TABLO   0x000032    program     static C:\Users\uluzman\Desktop\mikroproje\0-999\Untitled.asm



                              Symbols - Sorted by Address
                     Name    Address   Location    Storage File                     
                ---------  ---------  ---------  --------- ---------                
                    KESME   0x000004    program     static C:\Users\uluzman\Desktop\mikroproje\0-999\Untitled.asm
                 DEGER_AL   0x000025    program     static C:\Users\uluzman\Desktop\mikroproje\0-999\Untitled.asm
                    TABLO   0x000032    program     static C:\Users\uluzman\Desktop\mikroproje\0-999\Untitled.asm
          KESME_SONLANDIR   0x00003e    program     static C:\Users\uluzman\Desktop\mikroproje\0-999\Untitled.asm
              ANA_PROGRAM   0x00003f    program     static C:\Users\uluzman\Desktop\mikroproje\0-999\Untitled.asm
                    DONGU   0x000052    program     static C:\Users\uluzman\Desktop\mikroproje\0-999\Untitled.asm


