MPLINK 4.40, Linker
Linker Map File - Created Tue Jan 24 06:27:18 2012

                                 Section Info
                  Section       Type    Address   Location Size(Bytes)
                ---------  ---------  ---------  ---------  ---------
                   .org_0       code   0x000000    program   0x000000
                   .org_1       code   0x000000    program   0x000002
                   .org_2       code   0x000004    program   0x00006c



                              Program Memory Usage 
                               Start         End      
                           ---------   ---------      
                            0x000000    0x000000      
                            0x000004    0x000039      
            55 out of 8454 program addresses used, program memory utilization is 0%



                              Symbols - Sorted by Name
                     Name    Address   Location    Storage File                     
                ---------  ---------  ---------  --------- ---------                
                      ANA   0x000010    program     static C:\Users\hp\Desktop\but\ileri10\ileri10.asm
                      DON   0x000033    program     static C:\Users\hp\Desktop\but\ileri10\ileri10.asm
                     DON1   0x000035    program     static C:\Users\hp\Desktop\but\ileri10\ileri10.asm
                    DONGU   0x000020    program     static C:\Users\hp\Desktop\but\ileri10\ileri10.asm
                    GECIK   0x000031    program     static C:\Users\hp\Desktop\but\ileri10\ileri10.asm
                    KESME   0x000004    program     static C:\Users\hp\Desktop\but\ileri10\ileri10.asm
                    TABLO   0x000005    program     static C:\Users\hp\Desktop\but\ileri10\ileri10.asm



                              Symbols - Sorted by Address
                     Name    Address   Location    Storage File                     
                ---------  ---------  ---------  --------- ---------                
                    KESME   0x000004    program     static C:\Users\hp\Desktop\but\ileri10\ileri10.asm
                    TABLO   0x000005    program     static C:\Users\hp\Desktop\but\ileri10\ileri10.asm
                      ANA   0x000010    program     static C:\Users\hp\Desktop\but\ileri10\ileri10.asm
                    DONGU   0x000020    program     static C:\Users\hp\Desktop\but\ileri10\ileri10.asm
                    GECIK   0x000031    program     static C:\Users\hp\Desktop\but\ileri10\ileri10.asm
                      DON   0x000033    program     static C:\Users\hp\Desktop\but\ileri10\ileri10.asm
                     DON1   0x000035    program     static C:\Users\hp\Desktop\but\ileri10\ileri10.asm


