MPLINK 4.40, Linker
Linker Map File - Created Tue Jan 24 21:14:45 2012

                                 Section Info
                  Section       Type    Address   Location Size(Bytes)
                ---------  ---------  ---------  ---------  ---------
                   .org_0       code   0x000000    program   0x000000
                   .org_1       code   0x000000    program   0x000002
                   .org_2       code   0x000004    program   0x0000aa



                              Program Memory Usage 
                               Start         End      
                           ---------   ---------      
                            0x000000    0x000000      
                            0x000004    0x000058      
            86 out of 8454 program addresses used, program memory utilization is 1%



                              Symbols - Sorted by Name
                     Name    Address   Location    Storage File                     
                ---------  ---------  ---------  --------- ---------                
                      ANA   0x00002a    program     static C:\Users\hp\Desktop\but\tmr1_99\tmr199.asm
                      DON   0x000018    program     static C:\Users\hp\Desktop\but\tmr1_99\tmr199.asm
                     DON1   0x00001a    program     static C:\Users\hp\Desktop\but\tmr1_99\tmr199.asm
                    DONGU   0x00004a    program     static C:\Users\hp\Desktop\but\tmr1_99\tmr199.asm
                    GECIK   0x000016    program     static C:\Users\hp\Desktop\but\tmr1_99\tmr199.asm
                    KESME   0x000004    program     static C:\Users\hp\Desktop\but\tmr1_99\tmr199.asm
                    TABLO   0x00001f    program     static C:\Users\hp\Desktop\but\tmr1_99\tmr199.asm



                              Symbols - Sorted by Address
                     Name    Address   Location    Storage File                     
                ---------  ---------  ---------  --------- ---------                
                    KESME   0x000004    program     static C:\Users\hp\Desktop\but\tmr1_99\tmr199.asm
                    GECIK   0x000016    program     static C:\Users\hp\Desktop\but\tmr1_99\tmr199.asm
                      DON   0x000018    program     static C:\Users\hp\Desktop\but\tmr1_99\tmr199.asm
                     DON1   0x00001a    program     static C:\Users\hp\Desktop\but\tmr1_99\tmr199.asm
                    TABLO   0x00001f    program     static C:\Users\hp\Desktop\but\tmr1_99\tmr199.asm
                      ANA   0x00002a    program     static C:\Users\hp\Desktop\but\tmr1_99\tmr199.asm
                    DONGU   0x00004a    program     static C:\Users\hp\Desktop\but\tmr1_99\tmr199.asm


