MPLINK 4.40, Linker
Linker Map File - Created Tue Nov 22 00:46:10 2011

                                 Section Info
                  Section       Type    Address   Location Size(Bytes)
                ---------  ---------  ---------  ---------  ---------
                   .org_0       code   0x000000    program   0x000000
                   .org_1       code   0x000000    program   0x000002
                   .org_2       code   0x000004    program   0x0000b8



                              Program Memory Usage 
                               Start         End      
                           ---------   ---------      
                            0x000000    0x000000      
                            0x000004    0x00005f      
            93 out of 8454 program addresses used, program memory utilization is 1%



                              Symbols - Sorted by Name
                     Name    Address   Location    Storage File                     
                ---------  ---------  ---------  --------- ---------                
                  A_ISLEM   0x00001c    program     static C:\Documents and Settings\veysikan\Desktop\odev52\odev52.asm
                  B_ISLEM   0x000016    program     static C:\Documents and Settings\veysikan\Desktop\odev52\odev52.asm
                    DONGU   0x00004b    program     static C:\Documents and Settings\veysikan\Desktop\odev52\odev52.asm
                  D_ISLEM   0x000010    program     static C:\Documents and Settings\veysikan\Desktop\odev52\odev52.asm
                    KESME   0x000004    program     static C:\Documents and Settings\veysikan\Desktop\odev52\odev52.asm
              KESME_BITIR   0x000028    program     static C:\Documents and Settings\veysikan\Desktop\odev52\odev52.asm
                     LOOK   0x00002b    program     static C:\Documents and Settings\veysikan\Desktop\odev52\odev52.asm
                  Y_ISLEM   0x000022    program     static C:\Documents and Settings\veysikan\Desktop\odev52\odev52.asm
              ana_program   0x000036    program     static C:\Documents and Settings\veysikan\Desktop\odev52\odev52.asm



                              Symbols - Sorted by Address
                     Name    Address   Location    Storage File                     
                ---------  ---------  ---------  --------- ---------                
                    KESME   0x000004    program     static C:\Documents and Settings\veysikan\Desktop\odev52\odev52.asm
                  D_ISLEM   0x000010    program     static C:\Documents and Settings\veysikan\Desktop\odev52\odev52.asm
                  B_ISLEM   0x000016    program     static C:\Documents and Settings\veysikan\Desktop\odev52\odev52.asm
                  A_ISLEM   0x00001c    program     static C:\Documents and Settings\veysikan\Desktop\odev52\odev52.asm
                  Y_ISLEM   0x000022    program     static C:\Documents and Settings\veysikan\Desktop\odev52\odev52.asm
              KESME_BITIR   0x000028    program     static C:\Documents and Settings\veysikan\Desktop\odev52\odev52.asm
                     LOOK   0x00002b    program     static C:\Documents and Settings\veysikan\Desktop\odev52\odev52.asm
              ana_program   0x000036    program     static C:\Documents and Settings\veysikan\Desktop\odev52\odev52.asm
                    DONGU   0x00004b    program     static C:\Documents and Settings\veysikan\Desktop\odev52\odev52.asm


