MPLINK 4.37, Linker
Linker Map File - Created Tue Dec 21 04:25:06 2010

                                 Section Info
                  Section       Type    Address   Location Size(Bytes)
                ---------  ---------  ---------  ---------  ---------
                   .org_0       code   0x000000    program   0x000000
                   .org_1       code   0x000000    program   0x000004
                   .org_2       code   0x000004    program   0x0000dc



                              Program Memory Usage 
                               Start         End      
                           ---------   ---------      
                            0x000000    0x000001      
                            0x000004    0x000071      
            112 out of 8453 program addresses used, program memory utilization is 1%



                              Symbols - Sorted by Name
                     Name    Address   Location    Storage File                     
                ---------  ---------  ---------  --------- ---------                
                  ADC_Oku   0x000005    program     static C:\Users\Google\Desktop\ODEV_7A\ODEV_7A.asm
                   ADC_j1   0x00000a    program     static C:\Users\Google\Desktop\ODEV_7A\ODEV_7A.asm
                    Delay   0x000067    program     static C:\Users\Google\Desktop\ODEV_7A\ODEV_7A.asm
                   Dongu1   0x000068    program     static C:\Users\Google\Desktop\ODEV_7A\ODEV_7A.asm
                   Dongu2   0x00006a    program     static C:\Users\Google\Desktop\ODEV_7A\ODEV_7A.asm
                   Dongu3   0x00006b    program     static C:\Users\Google\Desktop\ODEV_7A\ODEV_7A.asm
                    Kesme   0x000004    program     static C:\Users\Google\Desktop\ODEV_7A\ODEV_7A.asm
              Okuma_Ayari   0x000045    program     static C:\Users\Google\Desktop\ODEV_7A\ODEV_7A.asm
             Sadece_Okuma   0x000018    program     static C:\Users\Google\Desktop\ODEV_7A\ODEV_7A.asm
                Sonsuzluk   0x000023    program     static C:\Users\Google\Desktop\ODEV_7A\ODEV_7A.asm
              Yazma_Ayari   0x000025    program     static C:\Users\Google\Desktop\ODEV_7A\ODEV_7A.asm
              ana_program   0x000054    program     static C:\Users\Google\Desktop\ODEV_7A\ODEV_7A.asm
             dahili_ee_j1   0x00003e    program     static C:\Users\Google\Desktop\ODEV_7A\ODEV_7A.asm



                              Symbols - Sorted by Address
                     Name    Address   Location    Storage File                     
                ---------  ---------  ---------  --------- ---------                
                    Kesme   0x000004    program     static C:\Users\Google\Desktop\ODEV_7A\ODEV_7A.asm
                  ADC_Oku   0x000005    program     static C:\Users\Google\Desktop\ODEV_7A\ODEV_7A.asm
                   ADC_j1   0x00000a    program     static C:\Users\Google\Desktop\ODEV_7A\ODEV_7A.asm
             Sadece_Okuma   0x000018    program     static C:\Users\Google\Desktop\ODEV_7A\ODEV_7A.asm
                Sonsuzluk   0x000023    program     static C:\Users\Google\Desktop\ODEV_7A\ODEV_7A.asm
              Yazma_Ayari   0x000025    program     static C:\Users\Google\Desktop\ODEV_7A\ODEV_7A.asm
             dahili_ee_j1   0x00003e    program     static C:\Users\Google\Desktop\ODEV_7A\ODEV_7A.asm
              Okuma_Ayari   0x000045    program     static C:\Users\Google\Desktop\ODEV_7A\ODEV_7A.asm
              ana_program   0x000054    program     static C:\Users\Google\Desktop\ODEV_7A\ODEV_7A.asm
                    Delay   0x000067    program     static C:\Users\Google\Desktop\ODEV_7A\ODEV_7A.asm
                   Dongu1   0x000068    program     static C:\Users\Google\Desktop\ODEV_7A\ODEV_7A.asm
                   Dongu2   0x00006a    program     static C:\Users\Google\Desktop\ODEV_7A\ODEV_7A.asm
                   Dongu3   0x00006b    program     static C:\Users\Google\Desktop\ODEV_7A\ODEV_7A.asm


