MPASM  5.42                         BUTON.ASM   11-21-2011  10:55:39         PAGE  1


LOC  OBJECT CODE     LINE SOURCE TEXT
  VALUE

Warning[205]: Found directive in column 1. (list)
                      00001 list p=16f877A
                      00002 #include "p16f877A.inc"
                      00001         LIST
                      00002 
                      00003 ;==========================================================================
                      00004 ;  MPASM PIC16F877A processor include
                      00005 ; 
                      00006 ;  (c) Copyright 1999-2011 Microchip Technology, All rights reserved
                      00007 ;==========================================================================
                      00008 
                      00555         LIST
  00000020            00003 SAYAC1 EQU 0X20
  00000021            00004 SAYAC2 EQU 0X21
  00000022            00005 SAYAC3 EQU 0X22
  00000023            00006 SAYAC4 EQU 0X23
  00000024            00007 DISPLAY1 EQU 0X24
  00000025            00008 DISPLAY2 EQU 0X25
  00000026            00009 DISPLAY3 EQU 0X26
  00000027            00010 DISPLAY4 EQU 0X27
Warning[205]: Found directive in column 1. (ORG)
                      00011 ORG 0X00
Warning[203]: Found opcode in column 1. (GOTO)
0000   2???           00012 GOTO ANA_PROGRAM
Warning[205]: Found directive in column 1. (ORG)
                      00013 ORG 0X04
0004                  00014 KESME
                      00015 
Warning[203]: Found opcode in column 1. (BTFSS)
0004   1C0B           00016 BTFSS INTCON,0
Warning[203]: Found opcode in column 1. (GOTO)
0005   2???           00017 GOTO KESME_BITIR
Warning[203]: Found opcode in column 1. (BCF)
0006   100B           00018 BCF INTCON,0
Warning[203]: Found opcode in column 1. (BTFSC)
0007   1A06           00019 BTFSC PORTB,4
Warning[203]: Found opcode in column 1. (GOTO)
0008   2???           00020 GOTO BIRLER
Warning[203]: Found opcode in column 1. (BTFSC)
0009   1A86           00021 BTFSC PORTB,5
Warning[203]: Found opcode in column 1. (GOTO)
000A   2???           00022 GOTO ONLAR
Warning[203]: Found opcode in column 1. (BTFSC)
000B   1B06           00023 BTFSC PORTB,6
Warning[203]: Found opcode in column 1. (GOTO)
000C   2???           00024 GOTO YUZLER
Warning[203]: Found opcode in column 1. (BTFSC)
000D   1B86           00025 BTFSC PORTB,7
Warning[203]: Found opcode in column 1. (GOTO)
000E   2???           00026 GOTO BINLER
Warning[203]: Found opcode in column 1. (GOTO)
000F   2???           00027 GOTO KESME_BITIR
                      00028 
MPASM  5.42                         BUTON.ASM   11-21-2011  10:55:39         PAGE  2


LOC  OBJECT CODE     LINE SOURCE TEXT
  VALUE

0010                  00029 BIRLER
Warning[203]: Found opcode in column 1. (BCF)
0010   100B           00030 BCF INTCON,0
Warning[203]: Found opcode in column 1. (INCF)
0011   0A20           00031 INCF SAYAC1,W
Warning[203]: Found opcode in column 1. (CALL)
0012   2???           00032 CALL TABLO
Warning[203]: Found opcode in column 1. (MOVWF)
0013   00A4           00033 MOVWF DISPLAY1
Warning[203]: Found opcode in column 1. (INCF)
0014   0AA0           00034 INCF SAYAC1,F
Warning[203]: Found opcode in column 1. (MOVLW)
0015   300B           00035 MOVLW D'11'
Warning[203]: Found opcode in column 1. (SUBWF)
0016   0220           00036 SUBWF SAYAC1,W
Warning[203]: Found opcode in column 1. (BTFSS)
0017   1D03           00037 BTFSS STATUS,Z
Warning[203]: Found opcode in column 1. (GOTO)
0018   2???           00038 GOTO KESME_BITIR
Warning[203]: Found opcode in column 1. (CLRF)
0019   01A0           00039 CLRF SAYAC1
Warning[203]: Found opcode in column 1. (GOTO)
001A   2???           00040 GOTO BIRLER
                      00041 
001B                  00042 ONLAR 
                      00043 
Warning[203]: Found opcode in column 1. (BCF)
001B   100B           00044 BCF INTCON,0
                      00045 
Warning[203]: Found opcode in column 1. (INCF)
001C   0A21           00046 INCF SAYAC2,W
Warning[203]: Found opcode in column 1. (CALL)
001D   2???           00047 CALL TABLO
Warning[203]: Found opcode in column 1. (MOVWF)
001E   00A5           00048 MOVWF DISPLAY2
Warning[203]: Found opcode in column 1. (INCF)
001F   0AA1           00049 INCF SAYAC2,F
Warning[203]: Found opcode in column 1. (MOVLW)
0020   300B           00050 MOVLW D'11'
Warning[203]: Found opcode in column 1. (SUBWF)
0021   0221           00051 SUBWF SAYAC2,W
Warning[203]: Found opcode in column 1. (BTFSS)
0022   1D03           00052 BTFSS STATUS,Z
Warning[203]: Found opcode in column 1. (GOTO)
0023   2???           00053 GOTO KESME_BITIR
Warning[203]: Found opcode in column 1. (CLRF)
0024   01A1           00054 CLRF SAYAC2 
Warning[203]: Found opcode in column 1. (GOTO)
0025   2???           00055 GOTO ONLAR
                      00056 
0026                  00057 YUZLER
Warning[203]: Found opcode in column 1. (BCF)
0026   100B           00058 BCF INTCON,0
MPASM  5.42                         BUTON.ASM   11-21-2011  10:55:39         PAGE  3


LOC  OBJECT CODE     LINE SOURCE TEXT
  VALUE

                      00059 
Warning[203]: Found opcode in column 1. (INCF)
0027   0A22           00060 INCF SAYAC3,W
Warning[203]: Found opcode in column 1. (CALL)
0028   2???           00061 CALL TABLO
Warning[203]: Found opcode in column 1. (MOVWF)
0029   00A6           00062 MOVWF DISPLAY3
Warning[203]: Found opcode in column 1. (INCF)
002A   0AA2           00063 INCF SAYAC3,F
Warning[203]: Found opcode in column 1. (MOVLW)
002B   300B           00064 MOVLW D'11'
Warning[203]: Found opcode in column 1. (SUBWF)
002C   0222           00065 SUBWF SAYAC3,W
Warning[203]: Found opcode in column 1. (BTFSS)
002D   1D03           00066 BTFSS STATUS,Z
Warning[203]: Found opcode in column 1. (GOTO)
002E   2???           00067 GOTO KESME_BITIR
Warning[203]: Found opcode in column 1. (CLRF)
002F   01A2           00068 CLRF SAYAC3
Warning[203]: Found opcode in column 1. (GOTO)
0030   2???           00069 GOTO YUZLER
                      00070 
0031                  00071 BINLER
Warning[203]: Found opcode in column 1. (BCF)
0031   100B           00072 BCF INTCON,0
                      00073 
Warning[203]: Found opcode in column 1. (INCF)
0032   0A23           00074 INCF SAYAC4,W
Warning[203]: Found opcode in column 1. (CALL)
0033   2???           00075 CALL TABLO
Warning[203]: Found opcode in column 1. (MOVWF)
0034   00A7           00076 MOVWF DISPLAY4
Warning[203]: Found opcode in column 1. (INCF)
0035   0AA3           00077 INCF SAYAC4,F
Warning[203]: Found opcode in column 1. (MOVLW)
0036   300B           00078 MOVLW D'11'
Warning[203]: Found opcode in column 1. (SUBWF)
0037   0223           00079 SUBWF SAYAC4,W
Warning[203]: Found opcode in column 1. (BTFSS)
0038   1D03           00080 BTFSS STATUS,Z
Warning[203]: Found opcode in column 1. (GOTO)
0039   2???           00081 GOTO KESME_BITIR
Warning[203]: Found opcode in column 1. (CLRF)
003A   01A3           00082 CLRF SAYAC4
Warning[203]: Found opcode in column 1. (GOTO)
003B   2???           00083 GOTO BINLER
                      00084 
003C                  00085 TABLO
Warning[203]: Found opcode in column 1. (ADDWF)
003C   0782           00086 ADDWF PCL,F
Warning[203]: Found opcode in column 1. (RETLW)
003D   343F           00087 RETLW B'00111111'
Warning[203]: Found opcode in column 1. (RETLW)
MPASM  5.42                         BUTON.ASM   11-21-2011  10:55:39         PAGE  4


LOC  OBJECT CODE     LINE SOURCE TEXT
  VALUE

003E   343F           00088 RETLW B'00111111'
Warning[203]: Found opcode in column 1. (RETLW)
003F   3406           00089 RETLW B'00000110'
Warning[203]: Found opcode in column 1. (RETLW)
0040   345B           00090 RETLW B'01011011'
Warning[203]: Found opcode in column 1. (RETLW)
0041   344F           00091 RETLW B'01001111'
Warning[203]: Found opcode in column 1. (RETLW)
0042   3466           00092 RETLW B'01100110'
Warning[203]: Found opcode in column 1. (RETLW)
0043   346D           00093 RETLW B'01101101'
Warning[203]: Found opcode in column 1. (RETLW)
0044   34FD           00094 RETLW B'011111101'
Warning[203]: Found opcode in column 1. (RETLW)
0045   3407           00095 RETLW B'00000111'
Warning[203]: Found opcode in column 1. (RETLW)
0046   347F           00096 RETLW B'01111111'
Warning[203]: Found opcode in column 1. (RETLW)
0047   346F           00097 RETLW B'01101111'
Warning[203]: Found opcode in column 1. (RETLW)
0048   346F           00098 RETLW B'01101111'
                      00099 
0049                  00100 KESME_BITIR
Warning[203]: Found opcode in column 1. (BCF)
0049   100B           00101 BCF INTCON,0
Warning[203]: Found opcode in column 1. (RETFIE)
004A   0009           00102 RETFIE
                      00103 
004B                  00104 ANA_PROGRAM
Warning[203]: Found opcode in column 1. (BSF)
004B   1683           00105 BSF STATUS,RP0
Warning[203]: Found opcode in column 1. (MOVLW)
004C   30C8           00106 MOVLW B'11001000'
Warning[203]: Found opcode in column 1. (MOVWF)
004D   008B           00107 MOVWF INTCON
Warning[203]: Found opcode in column 1. (BSF)
Message[302]: Register in operand not in bank 0.  Ensure that bank bits are correct.
004E   1781           00108 BSF OPTION_REG,7 ;PULL-UP DÝRENÇLERÝ AKTÝF
Warning[203]: Found opcode in column 1. (CLRF)
Message[302]: Register in operand not in bank 0.  Ensure that bank bits are correct.
004F   0188           00109 CLRF TRISD
Warning[203]: Found opcode in column 1. (CLRF)
Message[302]: Register in operand not in bank 0.  Ensure that bank bits are correct.
0050   0185           00110 CLRF TRISA
Warning[203]: Found opcode in column 1. (MOVLW)
0051   30F0           00111 MOVLW B'11110000'
Warning[203]: Found opcode in column 1. (MOVWF)
Message[302]: Register in operand not in bank 0.  Ensure that bank bits are correct.
0052   0086           00112 MOVWF TRISB
                      00113 
Warning[203]: Found opcode in column 1. (BCF)
0053   1283           00114 BCF STATUS,RP0
                      00115 
MPASM  5.42                         BUTON.ASM   11-21-2011  10:55:39         PAGE  5


LOC  OBJECT CODE     LINE SOURCE TEXT
  VALUE

Warning[203]: Found opcode in column 1. (MOVLW)
0054   30FF           00116 MOVLW H'FF'
Warning[203]: Found opcode in column 1. (MOVWF)
0055   0088           00117 MOVWF PORTD
Warning[203]: Found opcode in column 1. (MOVLW)
0056   3000           00118 MOVLW B'000000'
Warning[203]: Found opcode in column 1. (MOVWF)
0057   0085           00119 MOVWF PORTA
Warning[203]: Found opcode in column 1. (CLRF)
0058   0186           00120 CLRF PORTB
Warning[203]: Found opcode in column 1. (CLRF)
0059   01A0           00121 CLRF SAYAC1
Warning[203]: Found opcode in column 1. (CLRF)
005A   01A1           00122 CLRF SAYAC2
Warning[203]: Found opcode in column 1. (CLRF)
005B   01A2           00123 CLRF SAYAC3
Warning[203]: Found opcode in column 1. (CLRF)
005C   01A3           00124 CLRF SAYAC4
Warning[203]: Found opcode in column 1. (CLRF)
005D   01A4           00125 CLRF DISPLAY1
Warning[203]: Found opcode in column 1. (CLRF)
005E   01A5           00126 CLRF DISPLAY2
Warning[203]: Found opcode in column 1. (CLRF)
005F   01A6           00127 CLRF DISPLAY3
Warning[203]: Found opcode in column 1. (CLRF)
0060   01A7           00128 CLRF DISPLAY4
                      00129 
0061                  00130 DONGU1 
Warning[203]: Found opcode in column 1. (NOP)
0061   0000           00131 NOP
Warning[203]: Found opcode in column 1. (NOP)
0062   0000           00132 NOP
Warning[203]: Found opcode in column 1. (NOP)
0063   0000           00133 NOP
Warning[203]: Found opcode in column 1. (NOP)
0064   0000           00134 NOP
Warning[203]: Found opcode in column 1. (MOVLW)
0065   3001           00135 MOVLW B'000001'
Warning[203]: Found opcode in column 1. (MOVWF)
0066   0085           00136 MOVWF PORTA
Warning[203]: Found opcode in column 1. (MOVF)
0067   0824           00137 MOVF DISPLAY1,W
Warning[203]: Found opcode in column 1. (MOVWF)
0068   0088           00138 MOVWF PORTD
                      00139 
                      00140 
Warning[203]: Found opcode in column 1. (NOP)
0069   0000           00141 NOP
Warning[203]: Found opcode in column 1. (NOP)
006A   0000           00142 NOP
Warning[203]: Found opcode in column 1. (NOP)
006B   0000           00143 NOP
Warning[203]: Found opcode in column 1. (NOP)
MPASM  5.42                         BUTON.ASM   11-21-2011  10:55:39         PAGE  6


LOC  OBJECT CODE     LINE SOURCE TEXT
  VALUE

006C   0000           00144 NOP
                      00145 ;MOVLW B'000000'
                      00146 ;MOVWF PORTA
                      00147 ;MOVF DISPLAY4,W
                      00148 ;MOVWF PORTD
                      00149 
Warning[203]: Found opcode in column 1. (MOVLW)
006D   3008           00150 MOVLW B'001000'
Warning[203]: Found opcode in column 1. (MOVWF)
006E   0085           00151 MOVWF PORTA
Warning[203]: Found opcode in column 1. (MOVF)
006F   0827           00152 MOVF DISPLAY4,W
Warning[203]: Found opcode in column 1. (MOVWF)
0070   0088           00153 MOVWF PORTD
                      00154 
                      00155 ;MOVLW B'000000'
                      00156 ;MOVWF PORTA
                      00157 ;MOVF DISPLAY3,W
                      00158 ;MOVWF PORTD
Warning[203]: Found opcode in column 1. (NOP)
0071   0000           00159 NOP
Warning[203]: Found opcode in column 1. (NOP)
0072   0000           00160 NOP
Warning[203]: Found opcode in column 1. (NOP)
0073   0000           00161 NOP
Warning[203]: Found opcode in column 1. (NOP)
0074   0000           00162 NOP
                      00163 
Warning[203]: Found opcode in column 1. (MOVLW)
0075   3004           00164 MOVLW B'000100'
Warning[203]: Found opcode in column 1. (MOVWF)
0076   0085           00165 MOVWF PORTA
Warning[203]: Found opcode in column 1. (MOVF)
0077   0826           00166 MOVF DISPLAY3,W
Warning[203]: Found opcode in column 1. (MOVWF)
0078   0088           00167 MOVWF PORTD
                      00168 
                      00169 ;MOVLW B'000000'
                      00170 ;MOVWF PORTA
                      00171 ;MOVF DISPLAY4,W
                      00172 ;MOVWF PORTD
Warning[203]: Found opcode in column 1. (NOP)
0079   0000           00173 NOP
Warning[203]: Found opcode in column 1. (NOP)
007A   0000           00174 NOP
Warning[203]: Found opcode in column 1. (NOP)
007B   0000           00175 NOP
Warning[203]: Found opcode in column 1. (NOP)
007C   0000           00176 NOP
                      00177 
Warning[203]: Found opcode in column 1. (MOVLW)
007D   3002           00178 MOVLW B'000010'
Warning[203]: Found opcode in column 1. (MOVWF)
MPASM  5.42                         BUTON.ASM   11-21-2011  10:55:39         PAGE  7


LOC  OBJECT CODE     LINE SOURCE TEXT
  VALUE

007E   0085           00179 MOVWF PORTA
Warning[203]: Found opcode in column 1. (MOVF)
007F   0825           00180 MOVF DISPLAY2,W
Warning[203]: Found opcode in column 1. (MOVWF)
0080   0088           00181 MOVWF PORTD
                      00182 
Warning[203]: Found opcode in column 1. (NOP)
0081   0000           00183 NOP
Warning[203]: Found opcode in column 1. (NOP)
0082   0000           00184 NOP
Warning[203]: Found opcode in column 1. (NOP)
0083   0000           00185 NOP
Warning[203]: Found opcode in column 1. (NOP)
0084   0000           00186 NOP
                      00187 ;MOVLW B'000000'
                      00188 ;MOVWF PORTA
                      00189 
Warning[203]: Found opcode in column 1. (GOTO)
0085   2???           00190 GOTO DONGU1
                      00191 
                      00192 
Warning[205]: Found directive in column 1. (END)
                      00193 END
MPASM  5.42                         BUTON.ASM   11-21-2011  10:55:39         PAGE  8


SYMBOL TABLE
  LABEL                             VALUE 

ACKDT                             00000005
ACKEN                             00000004
ACKSTAT                           00000006
ADCON0                            0000001F
ADCON1                            0000009F
ADCS0                             00000006
ADCS1                             00000007
ADCS2                             00000006
ADDEN                             00000003
ADFM                              00000007
ADIE                              00000006
ADIF                              00000006
ADON                              00000000
ADRESH                            0000001E
ADRESL                            0000009E
ANA_PROGRAM                       0000004B
BCLIE                             00000003
BCLIF                             00000003
BF                                00000000
BINLER                            00000031
BIRLER                            00000010
BRGH                              00000002
C                                 00000000
C1INV                             00000004
C1OUT                             00000006
C2INV                             00000005
C2OUT                             00000007
CCP1CON                           00000017
CCP1IE                            00000002
CCP1IF                            00000002
CCP1M0                            00000000
CCP1M1                            00000001
CCP1M2                            00000002
CCP1M3                            00000003
CCP1X                             00000005
CCP1Y                             00000004
CCP2CON                           0000001D
CCP2IE                            00000000
CCP2IF                            00000000
CCP2M0                            00000000
CCP2M1                            00000001
CCP2M2                            00000002
CCP2M3                            00000003
CCP2X                             00000005
CCP2Y                             00000004
CCPR1                             00000015
CCPR1H                            00000016
CCPR1L                            00000015
CCPR2                             0000001B
CCPR2H                            0000001C
CCPR2L                            0000001B
CHS0                              00000003
CHS1                              00000004
MPASM  5.42                         BUTON.ASM   11-21-2011  10:55:39         PAGE  9


SYMBOL TABLE
  LABEL                             VALUE 

CHS2                              00000005
CIS                               00000003
CKE                               00000006
CKP                               00000004
CM0                               00000000
CM1                               00000001
CM2                               00000002
CMCON                             0000009C
CMIE                              00000006
CMIF                              00000006
CREN                              00000004
CSRC                              00000007
CVR0                              00000000
CVR1                              00000001
CVR2                              00000002
CVR3                              00000003
CVRCON                            0000009D
CVREN                             00000007
CVROE                             00000006
CVRR                              00000005
D                                 00000005
DATA_ADDRESS                      00000005
DC                                00000001
DISPLAY1                          00000024
DISPLAY2                          00000025
DISPLAY3                          00000026
DISPLAY4                          00000027
DONGU1                            00000061
D_A                               00000005
D_NOT_A                           00000005
EEADR                             0000010D
EEADRH                            0000010F
EECON1                            0000018C
EECON2                            0000018D
EEDATA                            0000010C
EEDATH                            0000010E
EEIE                              00000004
EEIF                              00000004
EEPGD                             00000007
F                                 00000001
FERR                              00000002
FSR                               00000004
GCEN                              00000007
GIE                               00000007
GO                                00000002
GO_DONE                           00000002
GO_NOT_DONE                       00000002
I2C_DATA                          00000005
I2C_READ                          00000002
I2C_START                         00000003
I2C_STOP                          00000004
IBF                               00000007
IBOV                              00000005
MPASM  5.42                         BUTON.ASM   11-21-2011  10:55:39         PAGE 10


SYMBOL TABLE
  LABEL                             VALUE 

INDF                              00000000
INTCON                            0000000B
INTE                              00000004
INTEDG                            00000006
INTF                              00000001
IRP                               00000007
KESME                             00000004
KESME_BITIR                       00000049
NOT_A                             00000005
NOT_ADDRESS                       00000005
NOT_BO                            00000000
NOT_BOR                           00000000
NOT_DONE                          00000002
NOT_PD                            00000003
NOT_POR                           00000001
NOT_RBPU                          00000007
NOT_RC8                           00000006
NOT_T1SYNC                        00000002
NOT_TO                            00000004
NOT_TX8                           00000006
NOT_W                             00000002
NOT_WRITE                         00000002
OBF                               00000006
OERR                              00000001
ONLAR                             0000001B
OPTION_REG                        00000081
P                                 00000004
PCFG0                             00000000
PCFG1                             00000001
PCFG2                             00000002
PCFG3                             00000003
PCL                               00000002
PCLATH                            0000000A
PCON                              0000008E
PEIE                              00000006
PEN                               00000002
PIE1                              0000008C
PIE2                              0000008D
PIR1                              0000000C
PIR2                              0000000D
PORTA                             00000005
PORTB                             00000006
PORTC                             00000007
PORTD                             00000008
PORTE                             00000009
PR2                               00000092
PS0                               00000000
PS1                               00000001
PS2                               00000002
PSA                               00000003
PSPIE                             00000007
PSPIF                             00000007
PSPMODE                           00000004
MPASM  5.42                         BUTON.ASM   11-21-2011  10:55:39         PAGE 11


SYMBOL TABLE
  LABEL                             VALUE 

R                                 00000002
RA0                               00000000
RA1                               00000001
RA2                               00000002
RA3                               00000003
RA4                               00000004
RA5                               00000005
RB0                               00000000
RB1                               00000001
RB2                               00000002
RB3                               00000003
RB4                               00000004
RB5                               00000005
RB6                               00000006
RB7                               00000007
RBIE                              00000003
RBIF                              00000000
RC0                               00000000
RC1                               00000001
RC2                               00000002
RC3                               00000003
RC4                               00000004
RC5                               00000005
RC6                               00000006
RC7                               00000007
RC8_9                             00000006
RC9                               00000006
RCD8                              00000000
RCEN                              00000003
RCIE                              00000005
RCIF                              00000005
RCREG                             0000001A
RCSTA                             00000018
RD                                00000000
RD0                               00000000
RD1                               00000001
RD2                               00000002
RD3                               00000003
RD4                               00000004
RD5                               00000005
RD6                               00000006
RD7                               00000007
RE0                               00000000
RE1                               00000001
RE2                               00000002
READ_WRITE                        00000002
RP0                               00000005
RP1                               00000006
RSEN                              00000001
RX9                               00000006
RX9D                              00000000
R_NOT_W                           00000002
R_W                               00000002
MPASM  5.42                         BUTON.ASM   11-21-2011  10:55:39         PAGE 12


SYMBOL TABLE
  LABEL                             VALUE 

S                                 00000003
SAYAC1                            00000020
SAYAC2                            00000021
SAYAC3                            00000022
SAYAC4                            00000023
SEN                               00000000
SMP                               00000007
SPBRG                             00000099
SPEN                              00000007
SREN                              00000005
SSPADD                            00000093
SSPBUF                            00000013
SSPCON                            00000014
SSPCON2                           00000091
SSPEN                             00000005
SSPIE                             00000003
SSPIF                             00000003
SSPM0                             00000000
SSPM1                             00000001
SSPM2                             00000002
SSPM3                             00000003
SSPOV                             00000006
SSPSTAT                           00000094
STATUS                            00000003
SYNC                              00000004
T0CS                              00000005
T0IE                              00000005
T0IF                              00000002
T0SE                              00000004
T1CKPS0                           00000004
T1CKPS1                           00000005
T1CON                             00000010
T1INSYNC                          00000002
T1OSCEN                           00000003
T1SYNC                            00000002
T2CKPS0                           00000000
T2CKPS1                           00000001
T2CON                             00000012
TABLO                             0000003C
TMR0                              00000001
TMR0IE                            00000005
TMR0IF                            00000002
TMR1CS                            00000001
TMR1H                             0000000F
TMR1IE                            00000000
TMR1IF                            00000000
TMR1L                             0000000E
TMR1ON                            00000000
TMR2                              00000011
TMR2IE                            00000001
TMR2IF                            00000001
TMR2ON                            00000002
TOUTPS0                           00000003
MPASM  5.42                         BUTON.ASM   11-21-2011  10:55:39         PAGE 13


SYMBOL TABLE
  LABEL                             VALUE 

TOUTPS1                           00000004
TOUTPS2                           00000005
TOUTPS3                           00000006
TRISA                             00000085
TRISA0                            00000000
TRISA1                            00000001
TRISA2                            00000002
TRISA3                            00000003
TRISA4                            00000004
TRISA5                            00000005
TRISB                             00000086
TRISB0                            00000000
TRISB1                            00000001
TRISB2                            00000002
TRISB3                            00000003
TRISB4                            00000004
TRISB5                            00000005
TRISB6                            00000006
TRISB7                            00000007
TRISC                             00000087
TRISC0                            00000000
TRISC1                            00000001
TRISC2                            00000002
TRISC3                            00000003
TRISC4                            00000004
TRISC5                            00000005
TRISC6                            00000006
TRISC7                            00000007
TRISD                             00000088
TRISD0                            00000000
TRISD1                            00000001
TRISD2                            00000002
TRISD3                            00000003
TRISD4                            00000004
TRISD5                            00000005
TRISD6                            00000006
TRISD7                            00000007
TRISE                             00000089
TRISE0                            00000000
TRISE1                            00000001
TRISE2                            00000002
TRMT                              00000001
TX8_9                             00000006
TX9                               00000006
TX9D                              00000000
TXD8                              00000000
TXEN                              00000005
TXIE                              00000004
TXIF                              00000004
TXREG                             00000019
TXSTA                             00000098
UA                                00000001
W                                 00000000
MPASM  5.42                         BUTON.ASM   11-21-2011  10:55:39         PAGE 14


SYMBOL TABLE
  LABEL                             VALUE 

WCOL                              00000007
WR                                00000001
WREN                              00000002
WRERR                             00000003
YUZLER                            00000026
Z                                 00000002
_BODEN_OFF                        00003FBF
_BODEN_ON                         00003FFF
_CONFIG                           00002007
_CPD_OFF                          00003FFF
_CPD_ON                           00003EFF
_CP_ALL                           00001FFF
_CP_OFF                           00003FFF
_DEBUG_OFF                        00003FFF
_DEBUG_ON                         000037FF
_DEVID1                           00002006
_HS_OSC                           00003FFE
_IDLOC0                           00002000
_IDLOC1                           00002001
_IDLOC2                           00002002
_IDLOC3                           00002003
_LP_OSC                           00003FFC
_LVP_OFF                          00003F7F
_LVP_ON                           00003FFF
_PWRTE_OFF                        00003FFF
_PWRTE_ON                         00003FF7
_RC_OSC                           00003FFF
_WDT_OFF                          00003FFB
_WDT_ON                           00003FFF
_WRT_1FOURTH                      00003BFF
_WRT_256                          00003DFF
_WRT_HALF                         000039FF
_WRT_OFF                          00003FFF
_XT_OSC                           00003FFD
__16F877A                         00000001
__DEBUG                           1

Errors   :     0
Warnings :   135 reported,     0 suppressed
Messages :     4 reported,     0 suppressed

