MPLINK 4.40, Linker
Linker Map File - Created Mon Oct 22 16:57:02 2012

                                 Section Info
                  Section       Type    Address   Location Size(Bytes)
                ---------  ---------  ---------  ---------  ---------
                   .org_0       code   0x000000    program   0x000000
                   .org_1       code   0x000000    program   0x000002
                   .org_2       code   0x000004    program   0x0000ce



                              Program Memory Usage 
                               Start         End      
                           ---------   ---------      
                            0x000000    0x000000      
                            0x000004    0x00006a      
            104 out of 8454 program addresses used, program memory utilization is 1%



                              Symbols - Sorted by Name
                     Name    Address   Location    Storage File                     
                ---------  ---------  ---------  --------- ---------                
                   Blabel   0x00000a    program     static C:\Users\TUBA\Desktop\yenimm\deney2gece\deney2.asm
                    DONGU   0x00006a    program     static C:\Users\TUBA\Desktop\yenimm\deney2gece\deney2.asm
                    KESME   0x000005    program     static C:\Users\TUBA\Desktop\yenimm\deney2gece\deney2.asm
                     LED1   0x000019    program     static C:\Users\TUBA\Desktop\yenimm\deney2gece\deney2.asm
                  LED1SON   0x000023    program     static C:\Users\TUBA\Desktop\yenimm\deney2gece\deney2.asm
                  LED1YAK   0x000021    program     static C:\Users\TUBA\Desktop\yenimm\deney2gece\deney2.asm
                     LED2   0x000031    program     static C:\Users\TUBA\Desktop\yenimm\deney2gece\deney2.asm
                    START   0x000040    program     static C:\Users\TUBA\Desktop\yenimm\deney2gece\deney2.asm
              TIMER0ISLEM   0x00000f    program     static C:\Users\TUBA\Desktop\yenimm\deney2gece\deney2.asm
              TIMER1ISLEM   0x000025    program     static C:\Users\TUBA\Desktop\yenimm\deney2gece\deney2.asm
                     YAK1   0x000039    program     static C:\Users\TUBA\Desktop\yenimm\deney2gece\deney2.asm



                              Symbols - Sorted by Address
                     Name    Address   Location    Storage File                     
                ---------  ---------  ---------  --------- ---------                
                    KESME   0x000005    program     static C:\Users\TUBA\Desktop\yenimm\deney2gece\deney2.asm
                   Blabel   0x00000a    program     static C:\Users\TUBA\Desktop\yenimm\deney2gece\deney2.asm
              TIMER0ISLEM   0x00000f    program     static C:\Users\TUBA\Desktop\yenimm\deney2gece\deney2.asm
                     LED1   0x000019    program     static C:\Users\TUBA\Desktop\yenimm\deney2gece\deney2.asm
                  LED1YAK   0x000021    program     static C:\Users\TUBA\Desktop\yenimm\deney2gece\deney2.asm
                  LED1SON   0x000023    program     static C:\Users\TUBA\Desktop\yenimm\deney2gece\deney2.asm
              TIMER1ISLEM   0x000025    program     static C:\Users\TUBA\Desktop\yenimm\deney2gece\deney2.asm
                     LED2   0x000031    program     static C:\Users\TUBA\Desktop\yenimm\deney2gece\deney2.asm
                     YAK1   0x000039    program     static C:\Users\TUBA\Desktop\yenimm\deney2gece\deney2.asm
                    START   0x000040    program     static C:\Users\TUBA\Desktop\yenimm\deney2gece\deney2.asm
                    DONGU   0x00006a    program     static C:\Users\TUBA\Desktop\yenimm\deney2gece\deney2.asm


