MPLINK 4.40, Linker
Linker Map File - Created Mon Dec 12 14:03:07 2011

                                 Section Info
                  Section       Type    Address   Location Size(Bytes)
                ---------  ---------  ---------  ---------  ---------
                   .org_0       code   0x000000    program   0x000002
                   .cinit    romdata   0x000001    program   0x000004
                   .org_1       code   0x000004    program   0x0000de



                              Program Memory Usage 
                               Start         End      
                           ---------   ---------      
                            0x000000    0x000002      
                            0x000004    0x000072      
            114 out of 8454 program addresses used, program memory utilization is 1%



                              Symbols - Sorted by Name
                     Name    Address   Location    Storage File                     
                ---------  ---------  ---------  --------- ---------                
              ANA_PROGRAM   0x000016    program     static C:\Users\uluzman\Desktop\mikroproje\EEPROM\yazma.asm
                     ATLA   0x00000a    program     static C:\Users\uluzman\Desktop\mikroproje\EEPROM\yazma.asm
                    BEKLE   0x00006c    program     static C:\Users\uluzman\Desktop\mikroproje\EEPROM\yazma.asm
                    DONGU   0x000017    program     static C:\Users\uluzman\Desktop\mikroproje\EEPROM\yazma.asm
                    KESME   0x000004    program     static C:\Users\uluzman\Desktop\mikroproje\EEPROM\yazma.asm
                KESME_SON   0x000070    program     static C:\Users\uluzman\Desktop\mikroproje\EEPROM\yazma.asm
                      YAZ   0x000062    program     static C:\Users\uluzman\Desktop\mikroproje\EEPROM\yazma.asm
                   YAZBIR   0x000044    program     static C:\Users\uluzman\Desktop\mikroproje\EEPROM\yazma.asm
                  YAZDORT   0x00001a    program     static C:\Users\uluzman\Desktop\mikroproje\EEPROM\yazma.asm
                   YAZIKI   0x000036    program     static C:\Users\uluzman\Desktop\mikroproje\EEPROM\yazma.asm
                    YAZUC   0x000028    program     static C:\Users\uluzman\Desktop\mikroproje\EEPROM\yazma.asm
             ÝLK_ÝSLEMLER   0x000052    program     static C:\Users\uluzman\Desktop\mikroproje\EEPROM\yazma.asm



                              Symbols - Sorted by Address
                     Name    Address   Location    Storage File                     
                ---------  ---------  ---------  --------- ---------                
                    KESME   0x000004    program     static C:\Users\uluzman\Desktop\mikroproje\EEPROM\yazma.asm
                     ATLA   0x00000a    program     static C:\Users\uluzman\Desktop\mikroproje\EEPROM\yazma.asm
              ANA_PROGRAM   0x000016    program     static C:\Users\uluzman\Desktop\mikroproje\EEPROM\yazma.asm
                    DONGU   0x000017    program     static C:\Users\uluzman\Desktop\mikroproje\EEPROM\yazma.asm
                  YAZDORT   0x00001a    program     static C:\Users\uluzman\Desktop\mikroproje\EEPROM\yazma.asm
                    YAZUC   0x000028    program     static C:\Users\uluzman\Desktop\mikroproje\EEPROM\yazma.asm
                   YAZIKI   0x000036    program     static C:\Users\uluzman\Desktop\mikroproje\EEPROM\yazma.asm
                   YAZBIR   0x000044    program     static C:\Users\uluzman\Desktop\mikroproje\EEPROM\yazma.asm
             ÝLK_ÝSLEMLER   0x000052    program     static C:\Users\uluzman\Desktop\mikroproje\EEPROM\yazma.asm
                      YAZ   0x000062    program     static C:\Users\uluzman\Desktop\mikroproje\EEPROM\yazma.asm
                    BEKLE   0x00006c    program     static C:\Users\uluzman\Desktop\mikroproje\EEPROM\yazma.asm
                KESME_SON   0x000070    program     static C:\Users\uluzman\Desktop\mikroproje\EEPROM\yazma.asm


