MPLINK 4.40, Linker
Linker Map File - Created Mon Dec 26 22:50:17 2011

                                 Section Info
                  Section       Type    Address   Location Size(Bytes)
                ---------  ---------  ---------  ---------  ---------
                   .org_0       code   0x000000    program   0x000000
                   .org_1       code   0x000000    program   0x000002
                   .org_2       code   0x000004    program   0x000054



                              Program Memory Usage 
                               Start         End      
                           ---------   ---------      
                            0x000000    0x000000      
                            0x000004    0x00002d      
            43 out of 8454 program addresses used, program memory utilization is 0%



                              Symbols - Sorted by Name
                     Name    Address   Location    Storage File                     
                ---------  ---------  ---------  --------- ---------                
                    BASLA   0x000005    program     static C:\Users\Google\Desktop\Mikro Calisma\2_Display_Sayici\Untitled.asm
                    BEKLE   0x000013    program     static C:\Users\Google\Desktop\Mikro Calisma\2_Display_Sayici\Untitled.asm
                       D1   0x000015    program     static C:\Users\Google\Desktop\Mikro Calisma\2_Display_Sayici\Untitled.asm
                       D2   0x000017    program     static C:\Users\Google\Desktop\Mikro Calisma\2_Display_Sayici\Untitled.asm
                       D3   0x000019    program     static C:\Users\Google\Desktop\Mikro Calisma\2_Display_Sayici\Untitled.asm
                    KESME   0x000004    program     static C:\Users\Google\Desktop\Mikro Calisma\2_Display_Sayici\Untitled.asm
                   LOOKUP   0x000020    program     static C:\Users\Google\Desktop\Mikro Calisma\2_Display_Sayici\Untitled.asm
                      SAY   0x00000d    program     static C:\Users\Google\Desktop\Mikro Calisma\2_Display_Sayici\Untitled.asm



                              Symbols - Sorted by Address
                     Name    Address   Location    Storage File                     
                ---------  ---------  ---------  --------- ---------                
                    KESME   0x000004    program     static C:\Users\Google\Desktop\Mikro Calisma\2_Display_Sayici\Untitled.asm
                    BASLA   0x000005    program     static C:\Users\Google\Desktop\Mikro Calisma\2_Display_Sayici\Untitled.asm
                      SAY   0x00000d    program     static C:\Users\Google\Desktop\Mikro Calisma\2_Display_Sayici\Untitled.asm
                    BEKLE   0x000013    program     static C:\Users\Google\Desktop\Mikro Calisma\2_Display_Sayici\Untitled.asm
                       D1   0x000015    program     static C:\Users\Google\Desktop\Mikro Calisma\2_Display_Sayici\Untitled.asm
                       D2   0x000017    program     static C:\Users\Google\Desktop\Mikro Calisma\2_Display_Sayici\Untitled.asm
                       D3   0x000019    program     static C:\Users\Google\Desktop\Mikro Calisma\2_Display_Sayici\Untitled.asm
                   LOOKUP   0x000020    program     static C:\Users\Google\Desktop\Mikro Calisma\2_Display_Sayici\Untitled.asm


