MPLINK 4.40, Linker
Linker Map File - Created Mon Dec 26 23:59:40 2011

                                 Section Info
                  Section       Type    Address   Location Size(Bytes)
                ---------  ---------  ---------  ---------  ---------
                   .org_0       code   0x000000    program   0x000000
                   .org_1       code   0x000000    program   0x000002
                   .org_2       code   0x000004    program   0x000056



                              Program Memory Usage 
                               Start         End      
                           ---------   ---------      
                            0x000000    0x000000      
                            0x000004    0x00002e      
            44 out of 8454 program addresses used, program memory utilization is 0%



                              Symbols - Sorted by Name
                     Name    Address   Location    Storage File                     
                ---------  ---------  ---------  --------- ---------                
              Ana_Program   0x000011    program     static C:\Users\Google\Desktop\Mikro Calisma\21_Timer0_Display_Sayici\Mplab.asm
                    Dongu   0x000020    program     static C:\Users\Google\Desktop\Mikro Calisma\21_Timer0_Display_Sayici\Mplab.asm
                    Kesme   0x000004    program     static C:\Users\Google\Desktop\Mikro Calisma\21_Timer0_Display_Sayici\Mplab.asm
                   Lookup   0x000021    program     static C:\Users\Google\Desktop\Mikro Calisma\21_Timer0_Display_Sayici\Mplab.asm



                              Symbols - Sorted by Address
                     Name    Address   Location    Storage File                     
                ---------  ---------  ---------  --------- ---------                
                    Kesme   0x000004    program     static C:\Users\Google\Desktop\Mikro Calisma\21_Timer0_Display_Sayici\Mplab.asm
              Ana_Program   0x000011    program     static C:\Users\Google\Desktop\Mikro Calisma\21_Timer0_Display_Sayici\Mplab.asm
                    Dongu   0x000020    program     static C:\Users\Google\Desktop\Mikro Calisma\21_Timer0_Display_Sayici\Mplab.asm
                   Lookup   0x000021    program     static C:\Users\Google\Desktop\Mikro Calisma\21_Timer0_Display_Sayici\Mplab.asm


