MPLINK 4.40, Linker
Linker Map File - Created Mon Dec 26 23:52:39 2011

                                 Section Info
                  Section       Type    Address   Location Size(Bytes)
                ---------  ---------  ---------  ---------  ---------
                   .org_0       code   0x000000    program   0x000002
                   .cinit    romdata   0x000001    program   0x000004
                   .org_1       code   0x000004    program   0x000048



                              Program Memory Usage 
                               Start         End      
                           ---------   ---------      
                            0x000000    0x000002      
                            0x000004    0x000027      
            39 out of 8454 program addresses used, program memory utilization is 0%



                              Symbols - Sorted by Name
                     Name    Address   Location    Storage File                     
                ---------  ---------  ---------  --------- ---------                
                    DONGU   0x000017    program     static C:\Users\Google\Desktop\Mikro Calisma\18_RB0 Kesmesi(Orhan)\program.asm
                    Gecik   0x00001e    program     static C:\Users\Google\Desktop\Mikro Calisma\18_RB0 Kesmesi(Orhan)\program.asm
                    Kesme   0x000004    program     static C:\Users\Google\Desktop\Mikro Calisma\18_RB0 Kesmesi(Orhan)\program.asm
           Sayac0_Etiketi   0x000021    program     static C:\Users\Google\Desktop\Mikro Calisma\18_RB0 Kesmesi(Orhan)\program.asm
              ana_program   0x00000a    program     static C:\Users\Google\Desktop\Mikro Calisma\18_RB0 Kesmesi(Orhan)\program.asm



                              Symbols - Sorted by Address
                     Name    Address   Location    Storage File                     
                ---------  ---------  ---------  --------- ---------                
                    Kesme   0x000004    program     static C:\Users\Google\Desktop\Mikro Calisma\18_RB0 Kesmesi(Orhan)\program.asm
              ana_program   0x00000a    program     static C:\Users\Google\Desktop\Mikro Calisma\18_RB0 Kesmesi(Orhan)\program.asm
                    DONGU   0x000017    program     static C:\Users\Google\Desktop\Mikro Calisma\18_RB0 Kesmesi(Orhan)\program.asm
                    Gecik   0x00001e    program     static C:\Users\Google\Desktop\Mikro Calisma\18_RB0 Kesmesi(Orhan)\program.asm
           Sayac0_Etiketi   0x000021    program     static C:\Users\Google\Desktop\Mikro Calisma\18_RB0 Kesmesi(Orhan)\program.asm


