MPLINK 4.40, Linker
Linker Map File - Created Wed Nov 02 15:42:03 2011

                                 Section Info
                  Section       Type    Address   Location Size(Bytes)
                ---------  ---------  ---------  ---------  ---------
                   .org_0       code   0x000000    program   0x000000
                   .org_1       code   0x000000    program   0x000002
                   .org_2       code   0x000004    program   0x000054
      .config_2007_LAB3.O       code   0x002007    program   0x000002



                              Program Memory Usage 
                               Start         End      
                           ---------   ---------      
                            0x000000    0x000000      
                            0x000004    0x00002d      
                            0x002007    0x002007      
            44 out of 8454 program addresses used, program memory utilization is 0%



                              Symbols - Sorted by Name
                     Name    Address   Location    Storage File                     
                ---------  ---------  ---------  --------- ---------                
              ANA_PROGRAM   0x00001a    program     static D:\Projeler\Lab3\lab3.asm
                     ATLA   0x000009    program     static D:\Projeler\Lab3\lab3.asm
                    BÝTÝR   0x000017    program     static D:\Projeler\Lab3\lab3.asm
                    DONGU   0x00002d    program     static D:\Projeler\Lab3\lab3.asm
                    KESME   0x000004    program     static D:\Projeler\Lab3\lab3.asm
              KESME_BÝTÝR   0x000019    program     static D:\Projeler\Lab3\lab3.asm
                    ÝSLEM   0x000011    program     static D:\Projeler\Lab3\lab3.asm



                              Symbols - Sorted by Address
                     Name    Address   Location    Storage File                     
                ---------  ---------  ---------  --------- ---------                
                    KESME   0x000004    program     static D:\Projeler\Lab3\lab3.asm
                     ATLA   0x000009    program     static D:\Projeler\Lab3\lab3.asm
                    ÝSLEM   0x000011    program     static D:\Projeler\Lab3\lab3.asm
                    BÝTÝR   0x000017    program     static D:\Projeler\Lab3\lab3.asm
              KESME_BÝTÝR   0x000019    program     static D:\Projeler\Lab3\lab3.asm
              ANA_PROGRAM   0x00001a    program     static D:\Projeler\Lab3\lab3.asm
                    DONGU   0x00002d    program     static D:\Projeler\Lab3\lab3.asm


