MPLINK 4.49, Linker
Linker Map File - Created Sun Oct 30 23:42:16 2016

                                 Section Info
                  Section       Type    Address   Location Size(Bytes)
                ---------  ---------  ---------  ---------  ---------
                   .org_0       code   0x000000    program   0x000000
                   .org_1       code   0x000000    program   0x000004
                   .org_2       code   0x000004    program   0x000056



                              Program Memory Usage 
                               Start         End      
                           ---------   ---------      
                            0x000000    0x000001      
                            0x000004    0x00002e      
            45 out of 8454 program addresses used, program memory utilization is 0%



                              Symbols - Sorted by Name
                     Name    Address   Location    Storage File                     
                ---------  ---------  ---------  --------- ---------                
                    DEVAM   0x000023    program     static C:\Users\yucel\Desktop\picProject\kesmePB0\kesmePB0.asm
                    DONGU   0x000028    program     static C:\Users\yucel\Desktop\picProject\kesmePB0\kesmePB0.asm
                   DONGU2   0x00002a    program     static C:\Users\yucel\Desktop\picProject\kesmePB0\kesmePB0.asm
                  GECIKME   0x000026    program     static C:\Users\yucel\Desktop\picProject\kesmePB0\kesmePB0.asm
                     INIT   0x000005    program     static C:\Users\yucel\Desktop\picProject\kesmePB0\kesmePB0.asm
                    KESME   0x00001b    program     static C:\Users\yucel\Desktop\picProject\kesmePB0\kesmePB0.asm
                     MAIN   0x000017    program     static C:\Users\yucel\Desktop\picProject\kesmePB0\kesmePB0.asm
                   SONDUR   0x000021    program     static C:\Users\yucel\Desktop\picProject\kesmePB0\kesmePB0.asm
                      YAK   0x00001f    program     static C:\Users\yucel\Desktop\picProject\kesmePB0\kesmePB0.asm



                              Symbols - Sorted by Address
                     Name    Address   Location    Storage File                     
                ---------  ---------  ---------  --------- ---------                
                     INIT   0x000005    program     static C:\Users\yucel\Desktop\picProject\kesmePB0\kesmePB0.asm
                     MAIN   0x000017    program     static C:\Users\yucel\Desktop\picProject\kesmePB0\kesmePB0.asm
                    KESME   0x00001b    program     static C:\Users\yucel\Desktop\picProject\kesmePB0\kesmePB0.asm
                      YAK   0x00001f    program     static C:\Users\yucel\Desktop\picProject\kesmePB0\kesmePB0.asm
                   SONDUR   0x000021    program     static C:\Users\yucel\Desktop\picProject\kesmePB0\kesmePB0.asm
                    DEVAM   0x000023    program     static C:\Users\yucel\Desktop\picProject\kesmePB0\kesmePB0.asm
                  GECIKME   0x000026    program     static C:\Users\yucel\Desktop\picProject\kesmePB0\kesmePB0.asm
                    DONGU   0x000028    program     static C:\Users\yucel\Desktop\picProject\kesmePB0\kesmePB0.asm
                   DONGU2   0x00002a    program     static C:\Users\yucel\Desktop\picProject\kesmePB0\kesmePB0.asm


