MPLINK 4.40, Linker
Linker Map File - Created Tue Jan 24 11:00:29 2012

                                 Section Info
                  Section       Type    Address   Location Size(Bytes)
                ---------  ---------  ---------  ---------  ---------
                   .org_0       code   0x000000    program   0x000000
                   .org_1       code   0x000000    program   0x000002
                   .org_2       code   0x000004    program   0x0000ba



                              Program Memory Usage 
                               Start         End      
                           ---------   ---------      
                            0x000000    0x000000      
                            0x000004    0x000060      
            94 out of 8454 program addresses used, program memory utilization is 1%



                              Symbols - Sorted by Name
                     Name    Address   Location    Storage File                     
                ---------  ---------  ---------  --------- ---------                
                        A   0x000007    program     static C:\Users\hp\Desktop\but\SAY99\SAY99.asm
                      ANA   0x000036    program     static C:\Users\hp\Desktop\but\SAY99\SAY99.asm
                     DISP   0x00001c    program     static C:\Users\hp\Desktop\but\SAY99\SAY99.asm
                      DON   0x00005a    program     static C:\Users\hp\Desktop\but\SAY99\SAY99.asm
                     DON1   0x00005c    program     static C:\Users\hp\Desktop\but\SAY99\SAY99.asm
                    DONGU   0x000057    program     static C:\Users\hp\Desktop\but\SAY99\SAY99.asm
                    GECIK   0x000058    program     static C:\Users\hp\Desktop\but\SAY99\SAY99.asm
                    KESME   0x000004    program     static C:\Users\hp\Desktop\but\SAY99\SAY99.asm
                    TABLO   0x00002b    program     static C:\Users\hp\Desktop\but\SAY99\SAY99.asm



                              Symbols - Sorted by Address
                     Name    Address   Location    Storage File                     
                ---------  ---------  ---------  --------- ---------                
                    KESME   0x000004    program     static C:\Users\hp\Desktop\but\SAY99\SAY99.asm
                        A   0x000007    program     static C:\Users\hp\Desktop\but\SAY99\SAY99.asm
                     DISP   0x00001c    program     static C:\Users\hp\Desktop\but\SAY99\SAY99.asm
                    TABLO   0x00002b    program     static C:\Users\hp\Desktop\but\SAY99\SAY99.asm
                      ANA   0x000036    program     static C:\Users\hp\Desktop\but\SAY99\SAY99.asm
                    DONGU   0x000057    program     static C:\Users\hp\Desktop\but\SAY99\SAY99.asm
                    GECIK   0x000058    program     static C:\Users\hp\Desktop\but\SAY99\SAY99.asm
                      DON   0x00005a    program     static C:\Users\hp\Desktop\but\SAY99\SAY99.asm
                     DON1   0x00005c    program     static C:\Users\hp\Desktop\but\SAY99\SAY99.asm


