MPLINK 4.40, Linker
Linker Map File - Created Sat Nov 03 07:15:44 2012

                                 Section Info
                  Section       Type    Address   Location Size(Bytes)
                ---------  ---------  ---------  ---------  ---------
                   .org_0       code   0x000000    program   0x000000
                   .org_1       code   0x000000    program   0x000002
                   .org_2       code   0x000004    program   0x0000ae



                              Program Memory Usage 
                               Start         End      
                           ---------   ---------      
                            0x000000    0x000000      
                            0x000004    0x00005a      
            88 out of 8454 program addresses used, program memory utilization is 1%



                              Symbols - Sorted by Name
                     Name    Address   Location    Storage File                     
                ---------  ---------  ---------  --------- ---------                
                      ANA   0x000034    program     static C:\Users\TUBA\Desktop\yenimm\deney3\deney3.asm
                      ART   0x000019    program     static C:\Users\TUBA\Desktop\yenimm\deney3\deney3.asm
                    ARTIR   0x00000b    program     static C:\Users\TUBA\Desktop\yenimm\deney3\deney3.asm
                       AZ   0x00002d    program     static C:\Users\TUBA\Desktop\yenimm\deney3\deney3.asm
                    AZALT   0x000020    program     static C:\Users\TUBA\Desktop\yenimm\deney3\deney3.asm
                    DONGU   0x00005a    program     static C:\Users\TUBA\Desktop\yenimm\deney3\deney3.asm
                    KESME   0x000005    program     static C:\Users\TUBA\Desktop\yenimm\deney3\deney3.asm



                              Symbols - Sorted by Address
                     Name    Address   Location    Storage File                     
                ---------  ---------  ---------  --------- ---------                
                    KESME   0x000005    program     static C:\Users\TUBA\Desktop\yenimm\deney3\deney3.asm
                    ARTIR   0x00000b    program     static C:\Users\TUBA\Desktop\yenimm\deney3\deney3.asm
                      ART   0x000019    program     static C:\Users\TUBA\Desktop\yenimm\deney3\deney3.asm
                    AZALT   0x000020    program     static C:\Users\TUBA\Desktop\yenimm\deney3\deney3.asm
                       AZ   0x00002d    program     static C:\Users\TUBA\Desktop\yenimm\deney3\deney3.asm
                      ANA   0x000034    program     static C:\Users\TUBA\Desktop\yenimm\deney3\deney3.asm
                    DONGU   0x00005a    program     static C:\Users\TUBA\Desktop\yenimm\deney3\deney3.asm


