MPLINK 4.40, Linker
Linker Map File - Created Fri Nov 02 16:24:43 2012

                                 Section Info
                  Section       Type    Address   Location Size(Bytes)
                ---------  ---------  ---------  ---------  ---------
                   .org_0       code   0x000000    program   0x000000
                   .org_1       code   0x000000    program   0x000002
                   .org_2       code   0x000004    program   0x0000d4



                              Program Memory Usage 
                               Start         End      
                           ---------   ---------      
                            0x000000    0x000000      
                            0x000004    0x00006d      
            107 out of 8454 program addresses used, program memory utilization is 1%



                              Symbols - Sorted by Name
                     Name    Address   Location    Storage File                     
                ---------  ---------  ---------  --------- ---------                
                      ANA   0x000031    program     static C:\Users\TUBA\Desktop\yenimm\deney3\Untitled.asm
                    ARTIR   0x00000c    program     static C:\Users\TUBA\Desktop\yenimm\deney3\Untitled.asm
                    AZALT   0x000017    program     static C:\Users\TUBA\Desktop\yenimm\deney3\Untitled.asm
                    DONGU   0x000057    program     static C:\Users\TUBA\Desktop\yenimm\deney3\Untitled.asm
                    GECIK   0x000022    program     static C:\Users\TUBA\Desktop\yenimm\deney3\Untitled.asm
          Gecikme_Dongusu   0x000027    program     static C:\Users\TUBA\Desktop\yenimm\deney3\Untitled.asm
                    KESME   0x000004    program     static C:\Users\TUBA\Desktop\yenimm\deney3\Untitled.asm
                   PWMYAP   0x000058    program     static C:\Users\TUBA\Desktop\yenimm\deney3\Untitled.asm



                              Symbols - Sorted by Address
                     Name    Address   Location    Storage File                     
                ---------  ---------  ---------  --------- ---------                
                    KESME   0x000004    program     static C:\Users\TUBA\Desktop\yenimm\deney3\Untitled.asm
                    ARTIR   0x00000c    program     static C:\Users\TUBA\Desktop\yenimm\deney3\Untitled.asm
                    AZALT   0x000017    program     static C:\Users\TUBA\Desktop\yenimm\deney3\Untitled.asm
                    GECIK   0x000022    program     static C:\Users\TUBA\Desktop\yenimm\deney3\Untitled.asm
          Gecikme_Dongusu   0x000027    program     static C:\Users\TUBA\Desktop\yenimm\deney3\Untitled.asm
                      ANA   0x000031    program     static C:\Users\TUBA\Desktop\yenimm\deney3\Untitled.asm
                    DONGU   0x000057    program     static C:\Users\TUBA\Desktop\yenimm\deney3\Untitled.asm
                   PWMYAP   0x000058    program     static C:\Users\TUBA\Desktop\yenimm\deney3\Untitled.asm


