MPLINK 4.40, Linker
Linker Map File - Created Tue Oct 25 08:04:26 2011

                                 Section Info
                  Section       Type    Address   Location Size(Bytes)
                ---------  ---------  ---------  ---------  ---------
                   .org_0       code   0x000000    program   0x000000
                   .org_1       code   0x000000    program   0x000004
                   .org_2       code   0x000004    program   0x000088
.config_2007_IKINCIODEV.O       code   0x002007    program   0x000002



                              Program Memory Usage 
                               Start         End      
                           ---------   ---------      
                            0x000000    0x000001      
                            0x000004    0x000047      
                            0x002007    0x002007      
            71 out of 8454 program addresses used, program memory utilization is 0%



                              Symbols - Sorted by Name
                     Name    Address   Location    Storage File                     
                ---------  ---------  ---------  --------- ---------                
               anaprogram   0x000046    program     static C:\Users\HP\Desktop\ödevlerle ilgili\ödev2\veysel\ikinciodev.asm
             ilk_islemler   0x00002c    program     static C:\Users\HP\Desktop\ödevlerle ilgili\ödev2\veysel\ikinciodev.asm
                    kesme   0x000005    program     static C:\Users\HP\Desktop\ödevlerle ilgili\ödev2\veysel\ikinciodev.asm
                   kesme2   0x000017    program     static C:\Users\HP\Desktop\ödevlerle ilgili\ödev2\veysel\ikinciodev.asm
                kesmesonu   0x00002b    program     static C:\Users\HP\Desktop\ödevlerle ilgili\ödev2\veysel\ikinciodev.asm
                  led2yak   0x00002a    program     static C:\Users\HP\Desktop\ödevlerle ilgili\ödev2\veysel\ikinciodev.asm
                   ledyak   0x000016    program     static C:\Users\HP\Desktop\ödevlerle ilgili\ödev2\veysel\ikinciodev.asm
              sonsuzdongu   0x000047    program     static C:\Users\HP\Desktop\ödevlerle ilgili\ödev2\veysel\ikinciodev.asm



                              Symbols - Sorted by Address
                     Name    Address   Location    Storage File                     
                ---------  ---------  ---------  --------- ---------                
                    kesme   0x000005    program     static C:\Users\HP\Desktop\ödevlerle ilgili\ödev2\veysel\ikinciodev.asm
                   ledyak   0x000016    program     static C:\Users\HP\Desktop\ödevlerle ilgili\ödev2\veysel\ikinciodev.asm
                   kesme2   0x000017    program     static C:\Users\HP\Desktop\ödevlerle ilgili\ödev2\veysel\ikinciodev.asm
                  led2yak   0x00002a    program     static C:\Users\HP\Desktop\ödevlerle ilgili\ödev2\veysel\ikinciodev.asm
                kesmesonu   0x00002b    program     static C:\Users\HP\Desktop\ödevlerle ilgili\ödev2\veysel\ikinciodev.asm
             ilk_islemler   0x00002c    program     static C:\Users\HP\Desktop\ödevlerle ilgili\ödev2\veysel\ikinciodev.asm
               anaprogram   0x000046    program     static C:\Users\HP\Desktop\ödevlerle ilgili\ödev2\veysel\ikinciodev.asm
              sonsuzdongu   0x000047    program     static C:\Users\HP\Desktop\ödevlerle ilgili\ödev2\veysel\ikinciodev.asm


