MPLINK 4.40, Linker
Linker Map File - Created Tue Dec 27 13:03:10 2011

                                 Section Info
                  Section       Type    Address   Location Size(Bytes)
                ---------  ---------  ---------  ---------  ---------
                   .org_0       code   0x000000    program   0x000000
                   .org_1       code   0x000000    program   0x000002
                   .org_2       code   0x000004    program   0x000052



                              Program Memory Usage 
                               Start         End      
                           ---------   ---------      
                            0x000000    0x000000      
                            0x000004    0x00002c      
            42 out of 8454 program addresses used, program memory utilization is 0%



                              Symbols - Sorted by Name
                     Name    Address   Location    Storage File                     
                ---------  ---------  ---------  --------- ---------                
              Ana_Program   0x00001c    program     static C:\Users\Google\Desktop\Mikro Calisma\16_RBChangeDisplay(GecenSeneki)\Untitled.asm
                    Cikis   0x00001a    program     static C:\Users\Google\Desktop\Mikro Calisma\16_RBChangeDisplay(GecenSeneki)\Untitled.asm
                    Dongu   0x00002c    program     static C:\Users\Google\Desktop\Mikro Calisma\16_RBChangeDisplay(GecenSeneki)\Untitled.asm
                    Kesme   0x000004    program     static C:\Users\Google\Desktop\Mikro Calisma\16_RBChangeDisplay(GecenSeneki)\Untitled.asm
            Tus6_islemler   0x00000c    program     static C:\Users\Google\Desktop\Mikro Calisma\16_RBChangeDisplay(GecenSeneki)\Untitled.asm
             Tus7_Kontrol   0x000009    program     static C:\Users\Google\Desktop\Mikro Calisma\16_RBChangeDisplay(GecenSeneki)\Untitled.asm
            Tus7_islemler   0x000013    program     static C:\Users\Google\Desktop\Mikro Calisma\16_RBChangeDisplay(GecenSeneki)\Untitled.asm



                              Symbols - Sorted by Address
                     Name    Address   Location    Storage File                     
                ---------  ---------  ---------  --------- ---------                
                    Kesme   0x000004    program     static C:\Users\Google\Desktop\Mikro Calisma\16_RBChangeDisplay(GecenSeneki)\Untitled.asm
             Tus7_Kontrol   0x000009    program     static C:\Users\Google\Desktop\Mikro Calisma\16_RBChangeDisplay(GecenSeneki)\Untitled.asm
            Tus6_islemler   0x00000c    program     static C:\Users\Google\Desktop\Mikro Calisma\16_RBChangeDisplay(GecenSeneki)\Untitled.asm
            Tus7_islemler   0x000013    program     static C:\Users\Google\Desktop\Mikro Calisma\16_RBChangeDisplay(GecenSeneki)\Untitled.asm
                    Cikis   0x00001a    program     static C:\Users\Google\Desktop\Mikro Calisma\16_RBChangeDisplay(GecenSeneki)\Untitled.asm
              Ana_Program   0x00001c    program     static C:\Users\Google\Desktop\Mikro Calisma\16_RBChangeDisplay(GecenSeneki)\Untitled.asm
                    Dongu   0x00002c    program     static C:\Users\Google\Desktop\Mikro Calisma\16_RBChangeDisplay(GecenSeneki)\Untitled.asm


