MPLINK 4.37, Linker
Linker Map File - Created Wed Dec 29 02:31:02 2010

                                 Section Info
                  Section       Type    Address   Location Size(Bytes)
                ---------  ---------  ---------  ---------  ---------
                   .org_0       code   0x000000    program   0x000000
                   .org_1       code   0x000000    program   0x000076



                              Program Memory Usage 
                               Start         End      
                           ---------   ---------      
                            0x000000    0x00003a      
            59 out of 8453 program addresses used, program memory utilization is 0%



                              Symbols - Sorted by Name
                     Name    Address   Location    Storage File                     
                ---------  ---------  ---------  --------- ---------                
              ANA_PROGRAM   0x000000    program     static C:\Users\Google\Desktop\Mikro\11_LCD\LCD.asm
                     DON1   0x000034    program     static C:\Users\Google\Desktop\Mikro\11_LCD\LCD.asm
                     DON2   0x000036    program     static C:\Users\Google\Desktop\Mikro\11_LCD\LCD.asm
                  GECIKME   0x000032    program     static C:\Users\Google\Desktop\Mikro\11_LCD\LCD.asm
                KOMUT_YAZ   0x000024    program     static C:\Users\Google\Desktop\Mikro\11_LCD\LCD.asm
         LCD_KOMUT_GONDER   0x00002a    program     static C:\Users\Google\Desktop\Mikro\11_LCD\LCD.asm
          LCD_VERI_GONDER   0x00001b    program     static C:\Users\Google\Desktop\Mikro\11_LCD\LCD.asm
                 VERI_YAZ   0x000015    program     static C:\Users\Google\Desktop\Mikro\11_LCD\LCD.asm



                              Symbols - Sorted by Address
                     Name    Address   Location    Storage File                     
                ---------  ---------  ---------  --------- ---------                
              ANA_PROGRAM   0x000000    program     static C:\Users\Google\Desktop\Mikro\11_LCD\LCD.asm
                 VERI_YAZ   0x000015    program     static C:\Users\Google\Desktop\Mikro\11_LCD\LCD.asm
          LCD_VERI_GONDER   0x00001b    program     static C:\Users\Google\Desktop\Mikro\11_LCD\LCD.asm
                KOMUT_YAZ   0x000024    program     static C:\Users\Google\Desktop\Mikro\11_LCD\LCD.asm
         LCD_KOMUT_GONDER   0x00002a    program     static C:\Users\Google\Desktop\Mikro\11_LCD\LCD.asm
                  GECIKME   0x000032    program     static C:\Users\Google\Desktop\Mikro\11_LCD\LCD.asm
                     DON1   0x000034    program     static C:\Users\Google\Desktop\Mikro\11_LCD\LCD.asm
                     DON2   0x000036    program     static C:\Users\Google\Desktop\Mikro\11_LCD\LCD.asm


